Component: ARM Compiler 5.06 update 6 (build 750) Tool: armlink [4d35ed]

==============================================================================

Section Cross References

    main.o(.text) refers to _printf_percent.o(.ARM.Collect$$_printf_percent$$00000000) for _printf_percent
    main.o(.text) refers to _printf_d.o(.ARM.Collect$$_printf_percent$$00000009) for _printf_d
    main.o(.text) refers to _printf_dec.o(.text) for _printf_int_dec
    main.o(.text) refers to delay.o(.text) for delay_init
    main.o(.text) refers to misc.o(.text) for NVIC_PriorityGroupConfig
    main.o(.text) refers to usart.o(.text) for uart_init
    main.o(.text) refers to usart2.o(.text) for usart2_init
    main.o(.text) refers to usart3.o(.text) for usart3_init
    main.o(.text) refers to led.o(.text) for LED_Init
    main.o(.text) refers to key.o(.text) for KEY_Init
    main.o(.text) refers to lcd.o(.text) for LCD_Init
    main.o(.text) refers to timer.o(.text) for TIM_Counter
    main.o(.text) refers to hc_sr04.o(.text) for hc_sr04_init
    main.o(.text) refers to sim900a.o(.text) for sim900a_test
    main.o(.text) refers to __2printf.o(.text) for __2printf
    main.o(.text) refers to stm32f10x_gpio.o(.text) for GPIO_ReadInputDataBit
    main.o(.text) refers to fleqf.o(x$fpl$fleqf) for __aeabi_cfcmple
    main.o(.text) refers to stm32f10x_tim.o(.text) for TIM_Cmd
    main.o(.text) refers to lcd.o(.data) for POINT_COLOR
    main.o(.text) refers to main.o(.data) for flag
    main.o(.text) refers to usart2.o(.bss) for USART2_RX_BUF
    system_stm32f10x.o(.text) refers to system_stm32f10x.o(.data) for SystemCoreClock
    led.o(.text) refers to stm32f10x_rcc.o(.text) for RCC_APB2PeriphClockCmd
    led.o(.text) refers to stm32f10x_gpio.o(.text) for GPIO_Init
    key.o(.text) refers to stm32f10x_rcc.o(.text) for RCC_APB2PeriphClockCmd
    key.o(.text) refers to stm32f10x_gpio.o(.text) for GPIO_Init
    key.o(.text) refers to delay.o(.text) for delay_ms
    key.o(.text) refers to key.o(.data) for key_up
    lcd.o(.text) refers to _printf_percent.o(.ARM.Collect$$_printf_percent$$00000000) for _printf_percent
    lcd.o(.text) refers to _printf_x.o(.ARM.Collect$$_printf_percent$$0000000C) for _printf_x
    lcd.o(.text) refers to _printf_hex_int_ll_ptr.o(.text) for _printf_longlong_hex
    lcd.o(.text) refers to delay.o(.text) for delay_us
    lcd.o(.text) refers to lcd.o(.bss) for lcddev
    lcd.o(.text) refers to lcd.o(.data) for POINT_COLOR
    lcd.o(.text) refers to dflt_clz.o(x$fpl$dfltu) for __aeabi_ui2d
    lcd.o(.text) refers to dmul.o(x$fpl$dmul) for __aeabi_dmul
    lcd.o(.text) refers to dfixu.o(x$fpl$dfixu) for __aeabi_d2uiz
    lcd.o(.text) refers to stm32f10x_rcc.o(.text) for RCC_AHBPeriphClockCmd
    lcd.o(.text) refers to stm32f10x_gpio.o(.text) for GPIO_Init
    lcd.o(.text) refers to stm32f10x_fsmc.o(.text) for FSMC_NORSRAMInit
    lcd.o(.text) refers to __2printf.o(.text) for __2printf
    lcd.o(.text) refers to lcd.o(.constdata) for asc2_1206
    spi.o(.text) refers to stm32f10x_spi.o(.text) for SPI_I2S_GetFlagStatus
    spi.o(.text) refers to stm32f10x_rcc.o(.text) for RCC_APB2PeriphClockCmd
    spi.o(.text) refers to stm32f10x_gpio.o(.text) for GPIO_Init
    w25qxx.o(.text) refers to _printf_percent.o(.ARM.Collect$$_printf_percent$$00000000) for _printf_percent
    w25qxx.o(.text) refers to _printf_x.o(.ARM.Collect$$_printf_percent$$0000000C) for _printf_x
    w25qxx.o(.text) refers to _printf_hex_int_ll_ptr.o(.text) for _printf_longlong_hex
    w25qxx.o(.text) refers to spi.o(.text) for SPI2_ReadWriteByte
    w25qxx.o(.text) refers to stm32f10x_rcc.o(.text) for RCC_APB2PeriphClockCmd
    w25qxx.o(.text) refers to stm32f10x_gpio.o(.text) for GPIO_Init
    w25qxx.o(.text) refers to __2printf.o(.text) for __2printf
    w25qxx.o(.text) refers to delay.o(.text) for delay_us
    w25qxx.o(.text) refers to w25qxx.o(.data) for W25QXX_TYPE
    w25qxx.o(.text) refers to w25qxx.o(.bss) for W25QXX_BUFFER
    sdio_sdcard.o(.text) refers to stm32f10x_sdio.o(.text) for SDIO_GetFlagStatus
    sdio_sdcard.o(.text) refers to sdio_sdcard.o(.data) for DeviceMode
    sdio_sdcard.o(.text) refers to sdio_sdcard.o(.bss) for SDIO_CmdInitStructure
    sdio_sdcard.o(.text) refers to stm32f10x_rcc.o(.text) for RCC_APB2PeriphClockCmd
    sdio_sdcard.o(.text) refers to stm32f10x_gpio.o(.text) for GPIO_Init
    sdio_sdcard.o(.text) refers to misc.o(.text) for NVIC_Init
    sdio_sdcard.o(.text) refers to stm32f10x_dma.o(.text) for DMA_DeInit
    sdio_sdcard.o(.text) refers to sys.o(.text) for INTX_DISABLE
    sdio_sdcard.o(.text) refers to rt_memcpy_v6.o(.text) for __aeabi_memcpy
    24cxx.o(.text) refers to myiic.o(.text) for IIC_Init
    24cxx.o(.text) refers to delay.o(.text) for delay_ms
    myiic.o(.text) refers to stm32f10x_rcc.o(.text) for RCC_APB2PeriphClockCmd
    myiic.o(.text) refers to stm32f10x_gpio.o(.text) for GPIO_Init
[...]
    NVIC_SetVectorTable                      0x08009e83   Thumb Code    14  misc.o(.text)
    NVIC_SystemLPConfig                      0x08009e91   Thumb Code    34  misc.o(.text)
    SysTick_CLKSourceConfig                  0x08009eb3   Thumb Code    40  misc.o(.text)
    FSMC_NORSRAMDeInit                       0x08009ef1   Thumb Code    54  stm32f10x_fsmc.o(.text)
    FSMC_NANDDeInit                          0x08009f27   Thumb Code    62  stm32f10x_fsmc.o(.text)
    FSMC_PCCARDDeInit                        0x08009f65   Thumb Code    36  stm32f10x_fsmc.o(.text)
    FSMC_NORSRAMInit                         0x08009f89   Thumb Code   230  stm32f10x_fsmc.o(.text)
    FSMC_NANDInit                            0x0800a06f   Thumb Code   132  stm32f10x_fsmc.o(.text)
    FSMC_PCCARDInit                          0x0800a0f3   Thumb Code   130  stm32f10x_fsmc.o(.text)
    FSMC_NORSRAMStructInit                   0x0800a175   Thumb Code   114  stm32f10x_fsmc.o(.text)
    FSMC_NANDStructInit                      0x0800a1e7   Thumb Code    54  stm32f10x_fsmc.o(.text)
    FSMC_PCCARDStructInit                    0x0800a21d   Thumb Code    60  stm32f10x_fsmc.o(.text)
    FSMC_NORSRAMCmd                          0x0800a259   Thumb Code    46  stm32f10x_fsmc.o(.text)
    FSMC_NANDCmd                             0x0800a287   Thumb Code    86  stm32f10x_fsmc.o(.text)
    FSMC_PCCARDCmd                           0x0800a2dd   Thumb Code    44  stm32f10x_fsmc.o(.text)
    FSMC_NANDECCCmd                          0x0800a309   Thumb Code    90  stm32f10x_fsmc.o(.text)
    FSMC_GetECC                              0x0800a363   Thumb Code    24  stm32f10x_fsmc.o(.text)
    FSMC_ITConfig                            0x0800a37b   Thumb Code   128  stm32f10x_fsmc.o(.text)
    FSMC_GetFlagStatus                       0x0800a3fb   Thumb Code    54  stm32f10x_fsmc.o(.text)
    FSMC_ClearFlag                           0x0800a431   Thumb Code    62  stm32f10x_fsmc.o(.text)
    FSMC_GetITStatus                         0x0800a46f   Thumb Code    64  stm32f10x_fsmc.o(.text)
    FSMC_ClearITPendingBit                   0x0800a4af   Thumb Code    68  stm32f10x_fsmc.o(.text)
    GPIO_DeInit                              0x0800a4fd   Thumb Code   172  stm32f10x_gpio.o(.text)
    GPIO_AFIODeInit                          0x0800a5a9   Thumb Code    20  stm32f10x_gpio.o(.text)
    GPIO_Init                                0x0800a5bd   Thumb Code   278  stm32f10x_gpio.o(.text)
    GPIO_StructInit                          0x0800a6d3   Thumb Code    16  stm32f10x_gpio.o(.text)
    GPIO_ReadInputDataBit                    0x0800a6e3   Thumb Code    18  stm32f10x_gpio.o(.text)
    GPIO_ReadInputData                       0x0800a6f5   Thumb Code     8  stm32f10x_gpio.o(.text)
    GPIO_ReadOutputDataBit                   0x0800a6fd   Thumb Code    18  stm32f10x_gpio.o(.text)
    GPIO_ReadOutputData                      0x0800a70f   Thumb Code     8  stm32f10x_gpio.o(.text)
    GPIO_SetBits                             0x0800a717   Thumb Code     4  stm32f10x_gpio.o(.text)
    GPIO_ResetBits                           0x0800a71b   Thumb Code     4  stm32f10x_gpio.o(.text)
    GPIO_WriteBit                            0x0800a71f   Thumb Code    10  stm32f10x_gpio.o(.text)
    GPIO_Write                               0x0800a729   Thumb Code     4  stm32f10x_gpio.o(.text)
    GPIO_PinLockConfig                       0x0800a72d   Thumb Code    18  stm32f10x_gpio.o(.text)
    GPIO_EventOutputConfig                   0x0800a73f   Thumb Code    26  stm32f10x_gpio.o(.text)
    GPIO_EventOutputCmd                      0x0800a759   Thumb Code     6  stm32f10x_gpio.o(.text)
    GPIO_PinRemapConfig                      0x0800a75f   Thumb Code   138  stm32f10x_gpio.o(.text)
    GPIO_EXTILineConfig                      0x0800a7e9   Thumb Code    66  stm32f10x_gpio.o(.text)
    GPIO_ETH_MediaInterfaceConfig            0x0800a82b   Thumb Code     8  stm32f10x_gpio.o(.text)
    RCC_DeInit                               0x0800a859   Thumb Code    64  stm32f10x_rcc.o(.text)
    RCC_HSEConfig                            0x0800a899   Thumb Code    70  stm32f10x_rcc.o(.text)
    RCC_GetFlagStatus                        0x0800a8df   Thumb Code    56  stm32f10x_rcc.o(.text)
    RCC_WaitForHSEStartUp                    0x0800a917   Thumb Code    56  stm32f10x_rcc.o(.text)
    RCC_AdjustHSICalibrationValue            0x0800a94f   Thumb Code    20  stm32f10x_rcc.o(.text)
    RCC_HSICmd                               0x0800a963   Thumb Code     6  stm32f10x_rcc.o(.text)
    RCC_PLLConfig                            0x0800a969   Thumb Code    24  stm32f10x_rcc.o(.text)
    RCC_PLLCmd                               0x0800a981   Thumb Code     6  stm32f10x_rcc.o(.text)
    RCC_SYSCLKConfig                         0x0800a987   Thumb Code    18  stm32f10x_rcc.o(.text)
    RCC_GetSYSCLKSource                      0x0800a999   Thumb Code    10  stm32f10x_rcc.o(.text)
    RCC_HCLKConfig                           0x0800a9a3   Thumb Code    18  stm32f10x_rcc.o(.text)
    RCC_PCLK1Config                          0x0800a9b5   Thumb Code    18  stm32f10x_rcc.o(.text)
    RCC_PCLK2Config                          0x0800a9c7   Thumb Code    20  stm32f10x_rcc.o(.text)
    RCC_ITConfig                             0x0800a9db   Thumb Code    26  stm32f10x_rcc.o(.text)
    RCC_USBCLKConfig                         0x0800a9f5   Thumb Code     8  stm32f10x_rcc.o(.text)
    RCC_ADCCLKConfig                         0x0800a9fd   Thumb Code    18  stm32f10x_rcc.o(.text)
    RCC_LSEConfig                            0x0800aa0f   Thumb Code    50  stm32f10x_rcc.o(.text)
    RCC_LSICmd                               0x0800aa41   Thumb Code     6  stm32f10x_rcc.o(.text)
    RCC_RTCCLKConfig                         0x0800aa47   Thumb Code    12  stm32f10x_rcc.o(.text)
    RCC_RTCCLKCmd                            0x0800aa53   Thumb Code     8  stm32f10x_rcc.o(.text)
    RCC_GetClocksFreq                        0x0800aa5b   Thumb Code   192  stm32f10x_rcc.o(.text)
    RCC_AHBPeriphClockCmd                    0x0800ab1b   Thumb Code    26  stm32f10x_rcc.o(.text)
    RCC_APB2PeriphClockCmd                   0x0800ab35   Thumb Code    26  stm32f10x_rcc.o(.text)
    RCC_APB1PeriphClockCmd                   0x0800ab4f   Thumb Code    26  stm32f10x_rcc.o(.text)
    RCC_APB2PeriphResetCmd                   0x0800ab69   Thumb Code    26  stm32f10x_rcc.o(.text)
    RCC_APB1PeriphResetCmd                   0x0800ab83   Thumb Code    26  stm32f10x_rcc.o(.text)
    RCC_BackupResetCmd                       0x0800ab9d   Thumb Code     8  stm32f10x_rcc.o(.text)
    RCC_ClockSecuritySystemCmd               0x0800aba5   Thumb Code     6  stm32f10x_rcc.o(.text)
    RCC_MCOConfig                            0x0800abab   Thumb Code     6  stm32f10x_rcc.o(.text)
    RCC_ClearFlag                            0x0800abb1   Thumb Code    14  stm32f10x_rcc.o(.text)
    RCC_GetITStatus                          0x0800abbf   Thumb Code    20  stm32f10x_rcc.o(.text)
    RCC_ClearITPendingBit                    0x0800abd3   Thumb Code     6  stm32f10x_rcc.o(.text)
    SPI_I2S_DeInit                           0x0800abfd   Thumb Code    76  stm32f10x_spi.o(.text)
    SPI_Init                                 0x0800ac49   Thumb Code    60  stm32f10x_spi.o(.text)
    I2S_Init                                 0x0800ac85   Thumb Code   226  stm32f10x_spi.o(.text)
    SPI_StructInit                           0x0800ad67   Thumb Code    24  stm32f10x_spi.o(.text)
    I2S_StructInit                           0x0800ad7f   Thumb Code    20  stm32f10x_spi.o(.text)
    SPI_Cmd                                  0x0800ad93   Thumb Code    24  stm32f10x_spi.o(.text)
    I2S_Cmd                                  0x0800adab   Thumb Code    24  stm32f10x_spi.o(.text)
    SPI_I2S_ITConfig                         0x0800adc3   Thumb Code    32  stm32f10x_spi.o(.text)
    SPI_I2S_DMACmd                           0x0800ade3   Thumb Code    18  stm32f10x_spi.o(.text)
    SPI_I2S_SendData                         0x0800adf5   Thumb Code     4  stm32f10x_spi.o(.text)
    SPI_I2S_ReceiveData                      0x0800adf9   Thumb Code     6  stm32f10x_spi.o(.text)
    SPI_NSSInternalSoftwareConfig            0x0800adff   Thumb Code    30  stm32f10x_spi.o(.text)
    SPI_SSOutputCmd                          0x0800ae1d   Thumb Code    24  stm32f10x_spi.o(.text)
    SPI_DataSizeConfig                       0x0800ae35   Thumb Code    18  stm32f10x_spi.o(.text)
    SPI_TransmitCRC                          0x0800ae47   Thumb Code    10  stm32f10x_spi.o(.text)
    SPI_CalculateCRC                         0x0800ae51   Thumb Code    24  stm32f10x_spi.o(.text)
    SPI_GetCRC                               0x0800ae69   Thumb Code    16  stm32f10x_spi.o(.text)
    SPI_GetCRCPolynomial                     0x0800ae79   Thumb Code     6  stm32f10x_spi.o(.text)
    SPI_BiDirectionalLineConfig              0x0800ae7f   Thumb Code    28  stm32f10x_spi.o(.text)
    SPI_I2S_GetFlagStatus                    0x0800ae9b   Thumb Code    18  stm32f10x_spi.o(.text)
    SPI_I2S_ClearFlag                        0x0800aead   Thumb Code     6  stm32f10x_spi.o(.text)
    SPI_I2S_GetITStatus                      0x0800aeb3   Thumb Code    52  stm32f10x_spi.o(.text)
    SPI_I2S_ClearITPendingBit                0x0800aee7   Thumb Code    20  stm32f10x_spi.o(.text)
    USART_DeInit                             0x0800af09   Thumb Code   134  stm32f10x_usart.o(.text)
    USART_Init                               0x0800af8f   Thumb Code   210  stm32f10x_usart.o(.text)
    USART_StructInit                         0x0800b061   Thumb Code    24  stm32f10x_usart.o(.text)
    USART_ClockInit                          0x0800b079   Thumb Code    34  stm32f10x_usart.o(.text)
    USART_ClockStructInit                    0x0800b09b   Thumb Code    12  stm32f10x_usart.o(.text)
    USART_Cmd                                0x0800b0a7   Thumb Code    24  stm32f10x_usart.o(.text)
    USART_ITConfig                           0x0800b0bf   Thumb Code    74  stm32f10x_usart.o(.text)
    USART_DMACmd                             0x0800b109   Thumb Code    18  stm32f10x_usart.o(.text)
    USART_SetAddress                         0x0800b11b   Thumb Code    18  stm32f10x_usart.o(.text)
    USART_WakeUpConfig                       0x0800b12d   Thumb Code    18  stm32f10x_usart.o(.text)
    USART_ReceiverWakeUpCmd                  0x0800b13f   Thumb Code    24  stm32f10x_usart.o(.text)
    USART_LINBreakDetectLengthConfig         0x0800b157   Thumb Code    18  stm32f10x_usart.o(.text)
    USART_LINCmd                             0x0800b169   Thumb Code    24  stm32f10x_usart.o(.text)
    USART_SendData                           0x0800b181   Thumb Code     8  stm32f10x_usart.o(.text)
    USART_ReceiveData                        0x0800b189   Thumb Code    10  stm32f10x_usart.o(.text)
    USART_SendBreak                          0x0800b193   Thumb Code    10  stm32f10x_usart.o(.text)
    USART_SetGuardTime                       0x0800b19d   Thumb Code    16  stm32f10x_usart.o(.text)
    USART_SetPrescaler                       0x0800b1ad   Thumb Code    16  stm32f10x_usart.o(.text)
    USART_SmartCardCmd                       0x0800b1bd   Thumb Code    24  stm32f10x_usart.o(.text)
    USART_SmartCardNACKCmd                   0x0800b1d5   Thumb Code    24  stm32f10x_usart.o(.text)
    USART_HalfDuplexCmd                      0x0800b1ed   Thumb Code    24  stm32f10x_usart.o(.text)
    USART_OverSampling8Cmd                   0x0800b205   Thumb Code    22  stm32f10x_usart.o(.text)
    USART_OneBitMethodCmd                    0x0800b21b   Thumb Code    24  stm32f10x_usart.o(.text)
    USART_IrDAConfig                         0x0800b233   Thumb Code    18  stm32f10x_usart.o(.text)
    USART_IrDACmd                            0x0800b245   Thumb Code    24  stm32f10x_usart.o(.text)
    USART_GetFlagStatus                      0x0800b25d   Thumb Code    26  stm32f10x_usart.o(.text)
    USART_ClearFlag                          0x0800b277   Thumb Code    18  stm32f10x_usart.o(.text)
    USART_GetITStatus                        0x0800b289   Thumb Code    84  stm32f10x_usart.o(.text)
    USART_ClearITPendingBit                  0x0800b2dd   Thumb Code    52  stm32f10x_usart.o(.text)
    TIM_DeInit                               0x0800b311   Thumb Code   424  stm32f10x_tim.o(.text)
    TIM_TimeBaseInit                         0x0800b4b9   Thumb Code   122  stm32f10x_tim.o(.text)
    TIM_OC1Init                              0x0800b533   Thumb Code   132  stm32f10x_tim.o(.text)
    TIM_OC2Init                              0x0800b5b7   Thumb Code   154  stm32f10x_tim.o(.text)
    TIM_OC3Init                              0x0800b651   Thumb Code   150  stm32f10x_tim.o(.text)
    TIM_OC4Init                              0x0800b6e7   Thumb Code   182  stm32f10x_tim.o(.text)
    TIM_SetIC4Prescaler                      0x0800b79d   Thumb Code    26  stm32f10x_tim.o(.text)
    TIM_SetIC3Prescaler                      0x0800b839   Thumb Code    18  stm32f10x_tim.o(.text)
    TIM_SetIC2Prescaler                      0x0800b8c5   Thumb Code    26  stm32f10x_tim.o(.text)
    TIM_SetIC1Prescaler                      0x0800b961   Thumb Code    18  stm32f10x_tim.o(.text)
    TIM_ICInit                               0x0800b9df   Thumb Code   150  stm32f10x_tim.o(.text)
    TIM_PWMIConfig                           0x0800ba75   Thumb Code   124  stm32f10x_tim.o(.text)
    TIM_BDTRConfig                           0x0800baf1   Thumb Code    32  stm32f10x_tim.o(.text)
    TIM_TimeBaseStructInit                   0x0800bb11   Thumb Code    18  stm32f10x_tim.o(.text)
    TIM_OCStructInit                         0x0800bb23   Thumb Code    20  stm32f10x_tim.o(.text)
    TIM_ICStructInit                         0x0800bb37   Thumb Code    18  stm32f10x_tim.o(.text)
    TIM_BDTRStructInit                       0x0800bb49   Thumb Code    40  stm32f10x_tim.o(.text)
    TIM_Cmd                                  0x0800bb71   Thumb Code    24  stm32f10x_tim.o(.text)
    TIM_CtrlPWMOutputs                       0x0800bb89   Thumb Code    30  stm32f10x_tim.o(.text)
    TIM_ITConfig                             0x0800bba7   Thumb Code    18  stm32f10x_tim.o(.text)
    TIM_GenerateEvent                        0x0800bbb9   Thumb Code     4  stm32f10x_tim.o(.text)
    TIM_DMAConfig                            0x0800bbbd   Thumb Code    10  stm32f10x_tim.o(.text)
    TIM_DMACmd                               0x0800bbc7   Thumb Code    18  stm32f10x_tim.o(.text)
    TIM_InternalClockConfig                  0x0800bbd9   Thumb Code    12  stm32f10x_tim.o(.text)
    TIM_SelectInputTrigger                   0x0800bbe5   Thumb Code    18  stm32f10x_tim.o(.text)
    TIM_ITRxExternalClockConfig              0x0800bbf7   Thumb Code    24  stm32f10x_tim.o(.text)
    TIM_TIxExternalClockConfig               0x0800bc0f   Thumb Code    62  stm32f10x_tim.o(.text)
    TIM_ETRConfig                            0x0800bc4d   Thumb Code    28  stm32f10x_tim.o(.text)
    TIM_ETRClockMode1Config                  0x0800bc69   Thumb Code    54  stm32f10x_tim.o(.text)
    TIM_ETRClockMode2Config                  0x0800bc9f   Thumb Code    32  stm32f10x_tim.o(.text)
    TIM_PrescalerConfig                      0x0800bcbf   Thumb Code     6  stm32f10x_tim.o(.text)
    TIM_CounterModeConfig                    0x0800bcc5   Thumb Code    18  stm32f10x_tim.o(.text)
    TIM_EncoderInterfaceConfig               0x0800bcd7   Thumb Code    66  stm32f10x_tim.o(.text)
    TIM_ForcedOC1Config                      0x0800bd19   Thumb Code    18  stm32f10x_tim.o(.text)
    TIM_ForcedOC2Config                      0x0800bd2b   Thumb Code    26  stm32f10x_tim.o(.text)
    TIM_ForcedOC3Config                      0x0800bd45   Thumb Code    18  stm32f10x_tim.o(.text)
    TIM_ForcedOC4Config                      0x0800bd57   Thumb Code    26  stm32f10x_tim.o(.text)
    TIM_ARRPreloadConfig                     0x0800bd71   Thumb Code    24  stm32f10x_tim.o(.text)
    TIM_SelectCOM                            0x0800bd89   Thumb Code    24  stm32f10x_tim.o(.text)
    TIM_SelectCCDMA                          0x0800bda1   Thumb Code    24  stm32f10x_tim.o(.text)
    TIM_CCPreloadControl                     0x0800bdb9   Thumb Code    24  stm32f10x_tim.o(.text)
    TIM_OC1PreloadConfig                     0x0800bdd1   Thumb Code    18  stm32f10x_tim.o(.text)
    TIM_OC2PreloadConfig                     0x0800bde3   Thumb Code    26  stm32f10x_tim.o(.text)
    TIM_OC3PreloadConfig                     0x0800bdfd   Thumb Code    18  stm32f10x_tim.o(.text)
    TIM_OC4PreloadConfig                     0x0800be0f   Thumb Code    26  stm32f10x_tim.o(.text)
    TIM_OC1FastConfig                        0x0800be29   Thumb Code    18  stm32f10x_tim.o(.text)
    TIM_OC2FastConfig                        0x0800be3b   Thumb Code    26  stm32f10x_tim.o(.text)
    TIM_OC3FastConfig                        0x0800be55   Thumb Code    18  stm32f10x_tim.o(.text)
    TIM_OC4FastConfig                        0x0800be67   Thumb Code    26  stm32f10x_tim.o(.text)
    TIM_ClearOC1Ref                          0x0800be81   Thumb Code    18  stm32f10x_tim.o(.text)
    TIM_ClearOC2Ref                          0x0800be93   Thumb Code    24  stm32f10x_tim.o(.text)
    TIM_ClearOC3Ref                          0x0800beab   Thumb Code    18  stm32f10x_tim.o(.text)
    TIM_ClearOC4Ref                          0x0800bebd   Thumb Code    24  stm32f10x_tim.o(.text)
    TIM_OC1PolarityConfig                    0x0800bed5   Thumb Code    18  stm32f10x_tim.o(.text)
    TIM_OC1NPolarityConfig                   0x0800bee7   Thumb Code    18  stm32f10x_tim.o(.text)
    TIM_OC2PolarityConfig                    0x0800bef9   Thumb Code    26  stm32f10x_tim.o(.text)
    TIM_OC2NPolarityConfig                   0x0800bf13   Thumb Code    26  stm32f10x_tim.o(.text)
    TIM_OC3PolarityConfig                    0x0800bf2d   Thumb Code    26  stm32f10x_tim.o(.text)
    TIM_OC3NPolarityConfig                   0x0800bf47   Thumb Code    26  stm32f10x_tim.o(.text)
    TIM_OC4PolarityConfig                    0x0800bf61   Thumb Code    26  stm32f10x_tim.o(.text)
    TIM_CCxCmd                               0x0800bf7b   Thumb Code    30  stm32f10x_tim.o(.text)
    TIM_CCxNCmd                              0x0800bf99   Thumb Code    30  stm32f10x_tim.o(.text)
    TIM_SelectOCxM                           0x0800bfb7   Thumb Code    82  stm32f10x_tim.o(.text)
    TIM_UpdateDisableConfig                  0x0800c009   Thumb Code    24  stm32f10x_tim.o(.text)
    TIM_UpdateRequestConfig                  0x0800c021   Thumb Code    24  stm32f10x_tim.o(.text)
    TIM_SelectHallSensor                     0x0800c039   Thumb Code    24  stm32f10x_tim.o(.text)
    TIM_SelectOnePulseMode                   0x0800c051   Thumb Code    18  stm32f10x_tim.o(.text)
    TIM_SelectOutputTrigger                  0x0800c063   Thumb Code    18  stm32f10x_tim.o(.text)
    TIM_SelectSlaveMode                      0x0800c075   Thumb Code    18  stm32f10x_tim.o(.text)
    TIM_SelectMasterSlaveMode                0x0800c087   Thumb Code    18  stm32f10x_tim.o(.text)
    TIM_SetCounter                           0x0800c099   Thumb Code     4  stm32f10x_tim.o(.text)
    TIM_SetAutoreload                        0x0800c09d   Thumb Code     4  stm32f10x_tim.o(.text)
    TIM_SetCompare1                          0x0800c0a1   Thumb Code     4  stm32f10x_tim.o(.text)
    TIM_SetCompare2                          0x0800c0a5   Thumb Code     4  stm32f10x_tim.o(.text)
    TIM_SetCompare3                          0x0800c0a9   Thumb Code     4  stm32f10x_tim.o(.text)
    TIM_SetCompare4                          0x0800c0ad   Thumb Code     6  stm32f10x_tim.o(.text)
    TIM_SetClockDivision                     0x0800c0b3   Thumb Code    18  stm32f10x_tim.o(.text)
    TIM_GetCapture1                          0x0800c0c5   Thumb Code     6  stm32f10x_tim.o(.text)
    TIM_GetCapture2                          0x0800c0cb   Thumb Code     6  stm32f10x_tim.o(.text)
    TIM_GetCapture3                          0x0800c0d1   Thumb Code     6  stm32f10x_tim.o(.text)
    TIM_GetCapture4                          0x0800c0d7   Thumb Code     8  stm32f10x_tim.o(.text)
    TIM_GetCounter                           0x0800c0df   Thumb Code     6  stm32f10x_tim.o(.text)
    TIM_GetPrescaler                         0x0800c0e5   Thumb Code     6  stm32f10x_tim.o(.text)
    TIM_GetFlagStatus                        0x0800c0eb   Thumb Code    18  stm32f10x_tim.o(.text)
    TIM_ClearFlag                            0x0800c0fd   Thumb Code     6  stm32f10x_tim.o(.text)
    TIM_GetITStatus                          0x0800c103   Thumb Code    34  stm32f10x_tim.o(.text)
    TIM_ClearITPendingBit                    0x0800c125   Thumb Code     6  stm32f10x_tim.o(.text)
    SDIO_DeInit                              0x0800c12d   Thumb Code    28  stm32f10x_sdio.o(.text)
    SDIO_Init                                0x0800c149   Thumb Code    42  stm32f10x_sdio.o(.text)
    SDIO_StructInit                          0x0800c173   Thumb Code    16  stm32f10x_sdio.o(.text)
    SDIO_ClockCmd                            0x0800c183   Thumb Code     6  stm32f10x_sdio.o(.text)
    SDIO_SetPowerState                       0x0800c189   Thumb Code    22  stm32f10x_sdio.o(.text)
    SDIO_GetPowerState                       0x0800c19f   Thumb Code    10  stm32f10x_sdio.o(.text)
    SDIO_ITConfig                            0x0800c1a9   Thumb Code    26  stm32f10x_sdio.o(.text)
    SDIO_DMACmd                              0x0800c1c3   Thumb Code     6  stm32f10x_sdio.o(.text)
    SDIO_SendCommand                         0x0800c1c9   Thumb Code    38  stm32f10x_sdio.o(.text)
    SDIO_CmdStructInit                       0x0800c1ef   Thumb Code    14  stm32f10x_sdio.o(.text)
    SDIO_GetCommandResponse                  0x0800c1fd   Thumb Code     8  stm32f10x_sdio.o(.text)
    SDIO_GetResponse                         0x0800c205   Thumb Code    22  stm32f10x_sdio.o(.text)
    SDIO_DataConfig                          0x0800c21b   Thumb Code    42  stm32f10x_sdio.o(.text)
    SDIO_DataStructInit                      0x0800c245   Thumb Code    20  stm32f10x_sdio.o(.text)
    SDIO_GetDataCounter                      0x0800c259   Thumb Code     6  stm32f10x_sdio.o(.text)
    SDIO_ReadData                            0x0800c25f   Thumb Code     8  stm32f10x_sdio.o(.text)
    SDIO_WriteData                           0x0800c267   Thumb Code     8  stm32f10x_sdio.o(.text)
    SDIO_GetFIFOCount                        0x0800c26f   Thumb Code     6  stm32f10x_sdio.o(.text)
    SDIO_StartSDIOReadWait                   0x0800c275   Thumb Code     8  stm32f10x_sdio.o(.text)
    SDIO_StopSDIOReadWait                    0x0800c27d   Thumb Code     8  stm32f10x_sdio.o(.text)
    SDIO_SetSDIOReadWaitMode                 0x0800c285   Thumb Code     8  stm32f10x_sdio.o(.text)
    SDIO_SetSDIOOperation                    0x0800c28d   Thumb Code     8  stm32f10x_sdio.o(.text)
    SDIO_SendSDIOSuspendCmd                  0x0800c295   Thumb Code     6  stm32f10x_sdio.o(.text)
    SDIO_CommandCompletionCmd                0x0800c29b   Thumb Code     8  stm32f10x_sdio.o(.text)
    SDIO_CEATAITCmd                          0x0800c2a3   Thumb Code    12  stm32f10x_sdio.o(.text)
    SDIO_SendCEATACmd                        0x0800c2af   Thumb Code     8  stm32f10x_sdio.o(.text)
    SDIO_GetFlagStatus                       0x0800c2b7   Thumb Code    20  stm32f10x_sdio.o(.text)
    SDIO_ClearFlag                           0x0800c2cb   Thumb Code     6  stm32f10x_sdio.o(.text)
    SDIO_GetITStatus                         0x0800c2d1   Thumb Code    20  stm32f10x_sdio.o(.text)
    SDIO_ClearITPendingBit                   0x0800c2e5   Thumb Code     6  stm32f10x_sdio.o(.text)
    DMA_DeInit                               0x0800c301   Thumb Code   324  stm32f10x_dma.o(.text)
    DMA_Init                                 0x0800c445   Thumb Code    60  stm32f10x_dma.o(.text)
    DMA_StructInit                           0x0800c481   Thumb Code    26  stm32f10x_dma.o(.text)
    DMA_Cmd                                  0x0800c49b   Thumb Code    24  stm32f10x_dma.o(.text)
    DMA_ITConfig                             0x0800c4b3   Thumb Code    18  stm32f10x_dma.o(.text)
    DMA_SetCurrDataCounter                   0x0800c4c5   Thumb Code     4  stm32f10x_dma.o(.text)
    DMA_GetCurrDataCounter                   0x0800c4c9   Thumb Code     8  stm32f10x_dma.o(.text)
    DMA_GetFlagStatus                        0x0800c4d1   Thumb Code    40  stm32f10x_dma.o(.text)
    DMA_ClearFlag                            0x0800c4f9   Thumb Code    22  stm32f10x_dma.o(.text)
    DMA_GetITStatus                          0x0800c50f   Thumb Code    40  stm32f10x_dma.o(.text)
    DMA_ClearITPendingBit                    0x0800c537   Thumb Code    22  stm32f10x_dma.o(.text)
    mymemcpy                                 0x0800c555   Thumb Code    26  malloc.o(.text)
    mymemset                                 0x0800c56f   Thumb Code    20  malloc.o(.text)
    my_mem_init                              0x0800c583   Thumb Code    54  malloc.o(.text)
    my_mem_perused                           0x0800c5b9   Thumb Code    54  malloc.o(.text)
    my_mem_malloc                            0x0800c5ef   Thumb Code   154  malloc.o(.text)
    my_mem_free                              0x0800c689   Thumb Code    94  malloc.o(.text)
    myfree                                   0x0800c6e7   Thumb Code    32  malloc.o(.text)
    mymalloc                                 0x0800c707   Thumb Code    36  malloc.o(.text)
    myrealloc                                0x0800c72b   Thumb Code    68  malloc.o(.text)
    ff_convert                               0x0800c781   Thumb Code   146  mycc936.o(.text)
    ff_wtoupper                              0x0800c813   Thumb Code    46  mycc936.o(.text)
    usmart_sys_cmd_exe                       0x0800c84d   Thumb Code  1554  usmart.o(.text)
    usmart_reset_runtime                     0x0800ce5f   Thumb Code    38  usmart.o(.text)
    usmart_get_runtime                       0x0800ce85   Thumb Code    60  usmart.o(.text)
    TIM4_IRQHandler                          0x0800cec1   Thumb Code    46  usmart.o(.text)
    Timer4_Init                              0x0800ceef   Thumb Code    88  usmart.o(.text)
    usmart_init                              0x0800cf47   Thumb Code    36  usmart.o(.text)
    usmart_cmd_rec                           0x0800cf6b   Thumb Code   170  usmart.o(.text)
    usmart_exe                               0x0800d015   Thumb Code   870  usmart.o(.text)
    usmart_scan                              0x0800d37b   Thumb Code   120  usmart.o(.text)
    read_addr                                0x0800d3f3   Thumb Code     6  usmart.o(.text)
    write_addr                               0x0800d3f9   Thumb Code     4  usmart.o(.text)
    usmart_strcmp                            0x0800d485   Thumb Code    34  usmart_str.o(.text)
    usmart_strcopy                           0x0800d4a7   Thumb Code    22  usmart_str.o(.text)
    usmart_strlen                            0x0800d4bd   Thumb Code    24  usmart_str.o(.text)
    usmart_pow                               0x0800d4d5   Thumb Code    22  usmart_str.o(.text)
    usmart_str2num                           0x0800d4eb   Thumb Code   202  usmart_str.o(.text)
    usmart_get_cmdname                       0x0800d5b5   Thumb Code    54  usmart_str.o(.text)
    usmart_search_nextc                      0x0800d5eb   Thumb Code    22  usmart_str.o(.text)
    usmart_get_fname                         0x0800d601   Thumb Code   440  usmart_str.o(.text)
    usmart_get_aparm                         0x0800d7b9   Thumb Code   200  usmart_str.o(.text)
    usmart_get_parmpos                       0x0800d881   Thumb Code    26  usmart_str.o(.text)
    usmart_get_fparam                        0x0800d89b   Thumb Code   262  usmart_str.o(.text)
    Get_HzMat                                0x0800d9ad   Thumb Code   220  text.o(.text)
    Show_Font                                0x0800da89   Thumb Code   190  text.o(.text)
    Show_Str                                 0x0800db47   Thumb Code   192  text.o(.text)
    Show_Str_Mid                             0x0800dc07   Thumb Code   106  text.o(.text)
    gouzao                                   0x0800dc81   Thumb Code   148  sim900a.o(.text)
    sim_at_response                          0x0800dd15   Thumb Code    46  sim900a.o(.text)
    sim900a_check_cmd                        0x0800dd43   Thumb Code    44  sim900a.o(.text)
    sim900a_send_cmd                         0x0800dd6f   Thumb Code   110  sim900a.o(.text)
    sim900a_chr2hex                          0x0800dddd   Thumb Code    54  sim900a.o(.text)
    sim900a_hex2chr                          0x0800de13   Thumb Code    34  sim900a.o(.text)
    sim900a_unigbk_exchange                  0x0800de35   Thumb Code   236  sim900a.o(.text)
    sim900a_load_keyboard                    0x0800df21   Thumb Code   292  sim900a.o(.text)
    sim900a_key_staset                       0x0800e045   Thumb Code   338  sim900a.o(.text)
    sim900a_get_keynum                       0x0800e197   Thumb Code   230  sim900a.o(.text)
    sim900a_call_test                        0x0800e27d   Thumb Code  1180  sim900a.o(.text)
    sim900a_sms_read_test                    0x0800e719   Thumb Code     2  sim900a.o(.text)
    Usart_SendString                         0x0800e71b   Thumb Code    40  sim900a.o(.text)
    sim900a_sms_send_test                    0x0800e743   Thumb Code   234  sim900a.o(.text)
    sim900a_sms_ui                           0x0800e82d   Thumb Code   152  sim900a.o(.text)
    sim900a_sms_test                         0x0800e8c5   Thumb Code    40  sim900a.o(.text)
    sim900a_tcpudp_test                      0x0800e8ed   Thumb Code  1546  sim900a.o(.text)
    sim900a_gprs_ui                          0x0800eef7   Thumb Code   154  sim900a.o(.text)
    sim900a_gprs_test                        0x0800ef91   Thumb Code   874  sim900a.o(.text)
    sim900a_mtest_ui                         0x0800f2fb   Thumb Code   484  sim900a.o(.text)
    sim900a_gsminfo_show                     0x0800f4df   Thumb Code   750  sim900a.o(.text)
    sim900a_test                             0x0800f7cd   Thumb Code   146  sim900a.o(.text)
    __use_no_semihosting                     0x0800f8f1   Thumb Code     2  use_no_semi_2.o(.text)
    __c89vsprintf                            0x0800f8f5   Thumb Code    32  c89vsprintf.o(.text)
    __2printf                                0x0800f919   Thumb Code    20  __2printf.o(.text)
    __2sprintf                               0x0800f931   Thumb Code    38  __2sprintf.o(.text)
    _printf_pre_padding                      0x0800f95d   Thumb Code    44  _printf_pad.o(.text)
    _printf_post_padding                     0x0800f989   Thumb Code    34  _printf_pad.o(.text)
    _printf_str                              0x0800f9ab   Thumb Code    82  _printf_str.o(.text)
    _printf_int_dec                          0x0800f9fd   Thumb Code   104  _printf_dec.o(.text)
    _printf_longlong_hex                     0x0800fa75   Thumb Code    86  _printf_hex_int_ll_ptr.o(.text)
    _printf_int_hex                          0x0800facb   Thumb Code    28  _printf_hex_int_ll_ptr.o(.text)
    _printf_ll_hex                           0x0800fae7   Thumb Code    12  _printf_hex_int_ll_ptr.o(.text)
    _printf_hex_ptr                          0x0800faf3   Thumb Code    18  _printf_hex_int_ll_ptr.o(.text)
    __printf                                 0x0800fb09   Thumb Code   388  __printf_flags_ss_wp.o(.text)
    strstr                                   0x0800fc91   Thumb Code    36  strstr.o(.text)
    strcpy                                   0x0800fcb5   Thumb Code    72  strcpy.o(.text)
    strlen                                   0x0800fcfd   Thumb Code    62  strlen.o(.text)
    __aeabi_memcpy                           0x0800fd3b   Thumb Code     0  rt_memcpy_v6.o(.text)
    __rt_memcpy                              0x0800fd3b   Thumb Code   138  rt_memcpy_v6.o(.text)
    _memcpy_lastbytes                        0x0800fda1   Thumb Code     0  rt_memcpy_v6.o(.text)
    strcmp                                   0x0800fdc5   Thumb Code   128  strcmpv7m.o(.text)
    __use_two_region_memory                  0x0800fe45   Thumb Code     2  heapauxi.o(.text)
    __rt_heap_escrow$2region                 0x0800fe47   Thumb Code     2  heapauxi.o(.text)
    __rt_heap_expand$2region                 0x0800fe49   Thumb Code     2  heapauxi.o(.text)
    __I$use$semihosting                      0x0800fe4b   Thumb Code     0  use_no_semi.o(.text)
    __use_no_semihosting_swi                 0x0800fe4b   Thumb Code     2  use_no_semi.o(.text)
    __read_errno                             0x0800fe4d   Thumb Code    10  _rserrno.o(.text)
    __set_errno                              0x0800fe57   Thumb Code    12  _rserrno.o(.text)
    _printf_truncate_signed                  0x0800fe63   Thumb Code    18  _printf_truncate.o(.text)
    _printf_truncate_unsigned                0x0800fe75   Thumb Code    18  _printf_truncate.o(.text)
    _printf_int_common                       0x0800fe87   Thumb Code   178  _printf_intcommon.o(.text)
    _printf_charcount                        0x0800ff39   Thumb Code    40  _printf_charcount.o(.text)
    _printf_char_common                      0x0800ff6b   Thumb Code    32  _printf_char_common.o(.text)
    _sputc                                   0x0800ff91   Thumb Code    10  _sputc.o(.text)
    _printf_cs_common                        0x0800ff9b   Thumb Code    20  _printf_char.o(.text)
    _printf_char                             0x0800ffaf   Thumb Code    16  _printf_char.o(.text)
    _printf_string                           0x0800ffbf   Thumb Code     8  _printf_char.o(.text)
    _printf_char_file                        0x0800ffc9   Thumb Code    32  _printf_char_file.o(.text)
    _printf_wctomb                           0x0800ffed   Thumb Code   182  _printf_wctomb.o(.text)
    _printf_longlong_dec                     0x080100a9   Thumb Code   108  _printf_longlong_dec.o(.text)
    _printf_longlong_oct                     0x08010125   Thumb Code    66  _printf_oct_int_ll.o(.text)
    _printf_int_oct                          0x08010167   Thumb Code    24  _printf_oct_int_ll.o(.text)
    _printf_ll_oct                           0x0801017f   Thumb Code    12  _printf_oct_int_ll.o(.text)
    __aeabi_memcpy4                          0x08010195   Thumb Code     0  rt_memcpy_w.o(.text)
    __aeabi_memcpy8                          0x08010195   Thumb Code     0  rt_memcpy_w.o(.text)
    __rt_memcpy_w                            0x08010195   Thumb Code   100  rt_memcpy_w.o(.text)
    _memcpy_lastbytes_aligned                0x080101dd   Thumb Code     0  rt_memcpy_w.o(.text)
    __aeabi_errno_addr                       0x080101f9   Thumb Code     8  rt_errno_addr_intlibspace.o(.text)
    __errno$intlibspace                      0x080101f9   Thumb Code     0  rt_errno_addr_intlibspace.o(.text)
    __rt_errno_addr$intlibspace              0x080101f9   Thumb Code     0  rt_errno_addr_intlibspace.o(.text)
    _ll_udiv10                               0x08010201   Thumb Code   138  lludiv10.o(.text)
    __lib_sel_fp_printf                      0x0801028b   Thumb Code     2  _printf_fp_dec.o(.text)
    _printf_fp_dec_real                      0x0801043d   Thumb Code   620  _printf_fp_dec.o(.text)
    _printf_lcs_common                       0x080106a9   Thumb Code    20  _printf_wchar.o(.text)
    _printf_wchar                            0x080106bd   Thumb Code    16  _printf_wchar.o(.text)
    _printf_wstring                          0x080106cd   Thumb Code     8  _printf_wchar.o(.text)
    ferror                                   0x080106d5   Thumb Code     8  ferror.o(.text)
    _wcrtomb                                 0x080106dd   Thumb Code    64  _wcrtomb.o(.text)
    __user_libspace                          0x0801071d   Thumb Code     8  libspace.o(.text)
    __user_perproc_libspace                  0x0801071d   Thumb Code     0  libspace.o(.text)
    __user_perthread_libspace                0x0801071d   Thumb Code     0  libspace.o(.text)
    __user_setup_stackheap                   0x08010725   Thumb Code    74  sys_stackheap_outer.o(.text)
    __rt_ctype_table                         0x08010771   Thumb Code    16  rt_ctype_table.o(.text)
    __rt_locale                              0x08010781   Thumb Code     8  rt_locale_intlibspace.o(.text)
    _printf_fp_infnan                        0x08010789   Thumb Code   112  _printf_fp_infnan.o(.text)
    _btod_etento                             0x08010809   Thumb Code   224  bigflt0.o(.text)
    exit                                     0x080108ed   Thumb Code    18  exit.o(.text)
    _btod_d2e                                0x080108ff   Thumb Code    62  btod.o(CL$$btod_d2e)
    _d2e_denorm_low                          0x0801093d   Thumb Code    70  btod.o(CL$$btod_d2e_denorm_low)
    _d2e_norm_op1                            0x08010983   Thumb Code    96  btod.o(CL$$btod_d2e_norm_op1)
    __btod_div_common                        0x080109e3   Thumb Code   696  btod.o(CL$$btod_div_common)
    _e2e                                     0x08010d1b   Thumb Code   220  btod.o(CL$$btod_e2e)
    _btod_ediv                               0x08010df7   Thumb Code    42  btod.o(CL$$btod_ediv)
    _btod_emul                               0x08010e21   Thumb Code    42  btod.o(CL$$btod_emul)
    __btod_mult_common                       0x08010e4b   Thumb Code   580  btod.o(CL$$btod_mult_common)
    __ARM_fpclassify                         0x0801108f   Thumb Code    40  fpclassify.o(i.__ARM_fpclassify)
    _is_digit                                0x080110b7   Thumb Code    14  __printf_wp.o(i._is_digit)
    sqrt                                     0x080110c5   Thumb Code    76  sqrt.o(i.sqrt)
    _get_lc_numeric                          0x08011111   Thumb Code    44  lc_numeric_c.o(locale$$code)
    _get_lc_ctype                            0x0801113d   Thumb Code    44  lc_ctype_c.o(locale$$code)
    __aeabi_dadd                             0x08011169   Thumb Code     0  daddsub_clz.o(x$fpl$dadd)
    _dadd                                    0x08011169   Thumb Code   332  daddsub_clz.o(x$fpl$dadd)
    __fpl_dcmp_Inf                           0x080112b9   Thumb Code    24  dcmpi.o(x$fpl$dcmpinf)
    __aeabi_d2uiz                            0x080112d1   Thumb Code     0  dfixu.o(x$fpl$dfixu)
    _dfixu                                   0x080112d1   Thumb Code    90  dfixu.o(x$fpl$dfixu)
    __aeabi_i2d                              0x0801132b   Thumb Code     0  dflt_clz.o(x$fpl$dflt)
    _dflt                                    0x0801132b   Thumb Code    46  dflt_clz.o(x$fpl$dflt)
    __aeabi_ui2d                             0x08011359   Thumb Code     0  dflt_clz.o(x$fpl$dfltu)
    _dfltu                                   0x08011359   Thumb Code    38  dflt_clz.o(x$fpl$dfltu)
    __aeabi_cdcmple                          0x08011381   Thumb Code     0  dleqf.o(x$fpl$dleqf)
    _dcmple                                  0x08011381   Thumb Code   120  dleqf.o(x$fpl$dleqf)
    __fpl_dcmple_InfNaN                      0x080113e3   Thumb Code     0  dleqf.o(x$fpl$dleqf)
    __aeabi_dmul                             0x080113f9   Thumb Code     0  dmul.o(x$fpl$dmul)
    _dmul                                    0x080113f9   Thumb Code   332  dmul.o(x$fpl$dmul)
    __fpl_dnaninf                            0x0801154d   Thumb Code   156  dnaninf.o(x$fpl$dnaninf)
    __fpl_dretinf                            0x080115e9   Thumb Code    12  dretinf.o(x$fpl$dretinf)
    __aeabi_cdrcmple                         0x080115f5   Thumb Code     0  drleqf.o(x$fpl$drleqf)
    _drcmple                                 0x080115f5   Thumb Code   108  drleqf.o(x$fpl$drleqf)
    __aeabi_drsub                            0x08011661   Thumb Code     0  daddsub_clz.o(x$fpl$drsb)
    _drsb                                    0x08011661   Thumb Code    22  daddsub_clz.o(x$fpl$drsb)
    _dsqrt                                   0x08011679   Thumb Code   456  dsqrt_noumaal.o(x$fpl$dsqrt)
    __aeabi_dsub                             0x08011845   Thumb Code     0  daddsub_clz.o(x$fpl$dsub)
    _dsub                                    0x08011845   Thumb Code   464  daddsub_clz.o(x$fpl$dsub)
    __aeabi_f2d                              0x08011a19   Thumb Code     0  f2d.o(x$fpl$f2d)
    _f2d                                     0x08011a19   Thumb Code    86  f2d.o(x$fpl$f2d)
    __aeabi_fadd                             0x08011a71   Thumb Code     0  faddsub_clz.o(x$fpl$fadd)
    _fadd                                    0x08011a71   Thumb Code   196  faddsub_clz.o(x$fpl$fadd)
    __fpl_fcmp_Inf                           0x08011b35   Thumb Code    24  fcmpi.o(x$fpl$fcmpinf)
    __aeabi_fdiv                             0x08011b4d   Thumb Code     0  fdiv.o(x$fpl$fdiv)
    _fdiv                                    0x08011b4d   Thumb Code   384  fdiv.o(x$fpl$fdiv)
    __aeabi_f2iz                             0x08011cd1   Thumb Code     0  ffix.o(x$fpl$ffix)
    _ffix                                    0x08011cd1   Thumb Code    54  ffix.o(x$fpl$ffix)
    __aeabi_f2uiz                            0x08011d09   Thumb Code     0  ffixu.o(x$fpl$ffixu)
    _ffixu                                   0x08011d09   Thumb Code    62  ffixu.o(x$fpl$ffixu)
    __aeabi_i2f                              0x08011d49   Thumb Code     0  fflt_clz.o(x$fpl$fflt)
    _fflt                                    0x08011d49   Thumb Code    48  fflt_clz.o(x$fpl$fflt)
    __aeabi_ui2f                             0x08011d79   Thumb Code     0  fflt_clz.o(x$fpl$ffltu)
    _ffltu                                   0x08011d79   Thumb Code    38  fflt_clz.o(x$fpl$ffltu)
    __aeabi_cfcmple                          0x08011da1   Thumb Code     0  fleqf.o(x$fpl$fleqf)
    _fcmple                                  0x08011da1   Thumb Code   104  fleqf.o(x$fpl$fleqf)
    __fpl_fcmple_InfNaN                      0x08011df3   Thumb Code     0  fleqf.o(x$fpl$fleqf)
    __aeabi_fmul                             0x08011e09   Thumb Code     0  fmul.o(x$fpl$fmul)
    _fmul                                    0x08011e09   Thumb Code   258  fmul.o(x$fpl$fmul)
    __fpl_fnaninf                            0x08011f0b   Thumb Code   140  fnaninf.o(x$fpl$fnaninf)
    __fpl_fretinf                            0x08011f97   Thumb Code    10  fretinf.o(x$fpl$fretinf)
    __aeabi_fsub                             0x08011fa1   Thumb Code     0  faddsub_clz.o(x$fpl$fsub)
    _fsub                                    0x08011fa1   Thumb Code   234  faddsub_clz.o(x$fpl$fsub)
    _printf_fp_dec                           0x0801208b   Thumb Code     4  printf1.o(x$fpl$printf1)
    __I$use$fp                               0x0801208e   Number         0  usenofp.o(x$fpl$usenofp)
    asc2_1206                                0x0801208e   Data        1140  lcd.o(.constdata)
    asc2_1608                                0x08012502   Data        1520  lcd.o(.constdata)
    asc2_2412                                0x08012af2   Data        3420  lcd.o(.constdata)
    FT5206_TPX_TBL                           0x0801384e   Data          10  ft5206.o(.constdata)
    GT9147_CFG_TBL                           0x08013858   Data         184  gt9147.o(.constdata)
    GT9147_TPX_TBL                           0x08013910   Data          10  gt9147.o(.constdata)
    OTT_TPX_TBL                              0x0801391a   Data          10  ott2001a.o(.constdata)
    TP_REMIND_MSG_TBL                        0x08013924   Data           4  touch.o(.constdata)
    memtblsize                               0x08013928   Data           8  malloc.o(.constdata)
    memblksize                               0x08013930   Data           8  malloc.o(.constdata)
    memsize                                  0x08013938   Data           8  malloc.o(.constdata)
    Region$$Table$$Base                      0x08013fd8   Number         0  anon$$obj.o(Region$$Table)
    Region$$Table$$Limit                     0x08013ff8   Number         0  anon$$obj.o(Region$$Table)
    __ctype                                  0x08014021   Data           0  lc_ctype_c.o(locale$$data)
    flag                                     0x20000000   Data           1  main.o(.data)
    shuju                                    0x20000001   Data         104  main.o(.data)
    res                                      0x20000069   Data           1  main.o(.data)
    g                                        0x2000006a   Data           2  main.o(.data)
    a                                        0x2000006c   Data           1  main.o(.data)
    Distance                                 0x20000070   Data           4  main.o(.data)
    cishu                                    0x20000074   Data           1  main.o(.data)
    flag_3                                   0x20000075   Data           1  main.o(.data)
    SystemCoreClock                          0x20000078   Data           4  system_stm32f10x.o(.data)
    AHBPrescTable                            0x2000007c   Data          16  system_stm32f10x.o(.data)
    POINT_COLOR                              0x2000008e   Data           2  lcd.o(.data)
    BACK_COLOR                               0x20000090   Data           2  lcd.o(.data)
    W25QXX_TYPE                              0x20000092   Data           2  w25qxx.o(.data)
    TransferError                            0x2000009e   Data           1  sdio_sdcard.o(.data)
    TransferEnd                              0x2000009f   Data           1  sdio_sdcard.o(.data)
    tempbuff                                 0x200000a0   Data           4  sdio_sdcard.o(.data)
    tp_dev                                   0x200000a8   Data          52  touch.o(.data)
    CMD_RDX                                  0x200000dc   Data           1  touch.o(.data)
    CMD_RDY                                  0x200000dd   Data           1  touch.o(.data)
    USART3_RX_STA                            0x200000de   Data           2  usart3.o(.data)
    point1                                   0x200000e0   Data           2  usart2.o(.data)
    USART2_RX_STA                            0x200000e2   Data           2  usart2.o(.data)
    time                                     0x200000e4   Data           4  hc_sr04.o(.data)
    __stdout                                 0x200000ec   Data           4  usart.o(.data)
    USART_RX_STA                             0x200000f0   Data           2  usart.o(.data)
    mallco_dev                               0x20000108   Data          28  malloc.o(.data)
    sys_cmd_tab                              0x20000124   Data          28  usmart.o(.data)
    usmart_nametab                           0x20000140   Data          24  usmart_config.o(.data)
    usmart_dev                               0x20000158   Data         244  usmart_config.o(.data)
    text                                     0x2000024c   Data           5  sim900a.o(.data)
    kbd_tbl1                                 0x20000254   Data          52  sim900a.o(.data)
    kbd_tbl2                                 0x20000288   Data          52  sim900a.o(.data)
    kbd_tbl                                  0x200002bc   Data           4  sim900a.o(.data)
    kbd_fn_tbl                               0x200002c0   Data           8  sim900a.o(.data)
    sim900a_test_msg                         0x200002c8   Data           4  sim900a.o(.data)
    modetbl                                  0x200002cc   Data           8  sim900a.o(.data)
    lcddev                                   0x200002d8   Data          14  lcd.o(.bss)
    W25QXX_BUFFER                            0x200002e6   Data        4096  w25qxx.o(.bss)
    SDIO_InitStructure                       0x200012e8   Data          24  sdio_sdcard.o(.bss)
    SDIO_CmdInitStructure                    0x20001300   Data          20  sdio_sdcard.o(.bss)
    SDIO_DataInitStructure                   0x20001314   Data          24  sdio_sdcard.o(.bss)
    SDCardInfo                               0x20001350   Data          88  sdio_sdcard.o(.bss)
    SDIO_DATA_BUFFER                         0x200013a8   Data         512  sdio_sdcard.o(.bss)
    USART3_RX_BUF                            0x200015a8   Data         600  usart3.o(.bss)
    USART3_TX_BUF                            0x20001800   Data         600  usart3.o(.bss)
    USART2_RX_BUF                            0x20001a58   Data         200  usart2.o(.bss)
    USART2_TX_BUF                            0x20001b20   Data         200  usart2.o(.bss)
    USART_RX_BUF                             0x20001be8   Data         200  usart.o(.bss)
    mem1base                                 0x20001cc0   Data       40960  malloc.o(.bss)
    mem1mapbase                              0x2000bcc0   Data        2560  malloc.o(.bss)
    ftinfo                                   0x2000c6c0   Data          33  fontupd.o(.bss)
    __libspace_start                         0x2000c6e4   Data          96  libspace.o(.bss)
    __temporary_stack_top$libspace           0x2000c744   Data           0  libspace.o(.bss)
    mem2base                                 0x68000000   Data       983040  malloc.o(.ARM.__AT_0x68000000)
    mem2mapbase                              0x680f0000   Data       61440  malloc.o(.ARM.__AT_0x680F0000)



==============================================================================

Memory Map of the image

  Image Entry point : 0x08000131

  Load Region LR_IROM1 (Base: 0x08000000, Size: 0x000143fc, Max: 0x00080000, ABSOLUTE, COMPRESSED[0x00014220])

    Execution Region ER_IROM1 (Exec base: 0x08000000, Load base: 0x08000000, Size: 0x00014124, Max: 0x00080000, ABSOLUTE)

    Exec Addr    Load Addr    Size         Type   Attr      Idx    E Section Name        Object

    0x08000000   0x08000000   0x00000130   Data   RO          694    RESET               startup_stm32f10x_hd.o
    0x08000130   0x08000130   0x00000008   Code   RO         1142  * !!!main             c_w.l(__main.o)
    0x08000138   0x08000138   0x00000034   Code   RO         1565    !!!scatter          c_w.l(__scatter.o)
    0x0800016c   0x0800016c   0x0000005a   Code   RO         1563    !!dczerorl2         c_w.l(__dczerorl2.o)
    0x080001c6   0x080001c6   0x00000002   PAD
    0x080001c8   0x080001c8   0x0000001c   Code   RO         1567    !!handler_zi        c_w.l(__scatter_zi.o)
    0x080001e4   0x080001e4   0x00000000   Code   RO         1123    .ARM.Collect$$_printf_percent$$00000000  c_w.l(_printf_percent.o)
    0x080001e4   0x080001e4   0x00000006   Code   RO         1264    .ARM.Collect$$_printf_percent$$00000001  c_w.l(_printf_n.o)
    0x080001ea   0x080001ea   0x00000006   Code   RO         1265    .ARM.Collect$$_printf_percent$$00000002  c_w.l(_printf_p.o)
    0x080001f0   0x080001f0   0x00000006   Code   RO         1268    .ARM.Collect$$_printf_percent$$00000003  c_w.l(_printf_f.o)
    0x080001f6   0x080001f6   0x00000006   Code   RO         1269    .ARM.Collect$$_printf_percent$$00000004  c_w.l(_printf_e.o)
    0x080001fc   0x080001fc   0x00000006   Code   RO         1270    .ARM.Collect$$_printf_percent$$00000005  c_w.l(_printf_g.o)
    0x08000202   0x08000202   0x00000006   Code   RO         1271    .ARM.Collect$$_printf_percent$$00000006  c_w.l(_printf_a.o)
    0x08000208   0x08000208   0x0000000a   Code   RO         1276    .ARM.Collect$$_printf_percent$$00000007  c_w.l(_printf_ll.o)
    0x08000212   0x08000212   0x00000006   Code   RO         1267    .ARM.Collect$$_printf_percent$$00000008  c_w.l(_printf_i.o)
    0x08000218   0x08000218   0x00000006   Code   RO         1121    .ARM.Collect$$_printf_percent$$00000009  c_w.l(_printf_d.o)
    0x0800021e   0x0800021e   0x00000006   Code   RO         1122    .ARM.Collect$$_printf_percent$$0000000A  c_w.l(_printf_u.o)
    0x08000224   0x08000224   0x00000006   Code   RO         1266    .ARM.Collect$$_printf_percent$$0000000B  c_w.l(_printf_o.o)
    0x0800022a   0x0800022a   0x00000006   Code   RO         1120    .ARM.Collect$$_printf_percent$$0000000C  c_w.l(_printf_x.o)
    0x08000230   0x08000230   0x00000006   Code   RO         1273    .ARM.Collect$$_printf_percent$$0000000D  c_w.l(_printf_lli.o)
    0x08000236   0x08000236   0x00000006   Code   RO         1274    .ARM.Collect$$_printf_percent$$0000000E  c_w.l(_printf_lld.o)
    0x0800023c   0x0800023c   0x00000006   Code   RO         1275    .ARM.Collect$$_printf_percent$$0000000F  c_w.l(_printf_llu.o)
    0x08000242   0x08000242   0x00000006   Code   RO         1280    .ARM.Collect$$_printf_percent$$00000010  c_w.l(_printf_llo.o)
    0x08000248   0x08000248   0x00000006   Code   RO         1281    .ARM.Collect$$_printf_percent$$00000011  c_w.l(_printf_llx.o)
    0x0800024e   0x0800024e   0x0000000a   Code   RO         1277    .ARM.Collect$$_printf_percent$$00000012  c_w.l(_printf_l.o)
    0x08000258   0x08000258   0x00000006   Code   RO         1118    .ARM.Collect$$_printf_percent$$00000013  c_w.l(_printf_c.o)
    0x0800025e   0x0800025e   0x00000006   Code   RO         1119    .ARM.Collect$$_printf_percent$$00000014  c_w.l(_printf_s.o)
    0x08000264   0x08000264   0x00000006   Code   RO         1278    .ARM.Collect$$_printf_percent$$00000015  c_w.l(_printf_lc.o)
    0x0800026a   0x0800026a   0x00000006   Code   RO         1279    .ARM.Collect$$_printf_percent$$00000016  c_w.l(_printf_ls.o)
    0x08000270   0x08000270   0x00000004   Code   RO         1272    .ARM.Collect$$_printf_percent$$00000017  c_w.l(_printf_percent_end.o)
    0x08000274   0x08000274   0x00000002   Code   RO         1427    .ARM.Collect$$libinit$$00000000  c_w.l(libinit.o)
    0x08000276   0x08000276   0x00000000   Code   RO         1442    .ARM.Collect$$libinit$$00000002  c_w.l(libinit2.o)
    0x08000276   0x08000276   0x00000000   Code   RO         1444    .ARM.Collect$$libinit$$00000004  c_w.l(libinit2.o)
    0x08000276   0x08000276   0x00000000   Code   RO         1447    .ARM.Collect$$libinit$$0000000A  c_w.l(libinit2.o)
    0x08000276   0x08000276   0x00000000   Code   RO         1449    .ARM.Collect$$libinit$$0000000C  c_w.l(libinit2.o)
    0x08000276   0x08000276   0x00000000   Code   RO         1451    .ARM.Collect$$libinit$$0000000E  c_w.l(libinit2.o)
    0x08000276   0x08000276   0x00000006   Code   RO         1452    .ARM.Collect$$libinit$$0000000F  c_w.l(libinit2.o)
    0x0800027c   0x0800027c   0x00000000   Code   RO         1454    .ARM.Collect$$libinit$$00000011  c_w.l(libinit2.o)
    0x0800027c   0x0800027c   0x0000000c   Code   RO         1455    .ARM.Collect$$libinit$$00000012  c_w.l(libinit2.o)
    0x08000288   0x08000288   0x00000000   Code   RO         1456    .ARM.Collect$$libinit$$00000013  c_w.l(libinit2.o)
    0x08000288   0x08000288   0x00000000   Code   RO         1458    .ARM.Collect$$libinit$$00000015  c_w.l(libinit2.o)
    0x08000288   0x08000288   0x0000000a   Code   RO         1459    .ARM.Collect$$libinit$$00000016  c_w.l(libinit2.o)
    0x08000292   0x08000292   0x00000000   Code   RO         1460    .ARM.Collect$$libinit$$00000017  c_w.l(libinit2.o)
    0x08000292   0x08000292   0x00000000   Code   RO         1462    .ARM.Collect$$libinit$$00000019  c_w.l(libinit2.o)
    0x08000292   0x08000292   0x00000000   Code   RO         1464    .ARM.Collect$$libinit$$0000001B  c_w.l(libinit2.o)
    0x08000292   0x08000292   0x00000000   Code   RO         1466    .ARM.Collect$$libinit$$0000001D  c_w.l(libinit2.o)
    0x08000292   0x08000292   0x00000000   Code   RO         1468    .ARM.Collect$$libinit$$0000001F  c_w.l(libinit2.o)
    0x08000292   0x08000292   0x00000000   Code   RO         1470    .ARM.Collect$$libinit$$00000021  c_w.l(libinit2.o)
    0x08000292   0x08000292   0x00000000   Code   RO         1472    .ARM.Collect$$libinit$$00000023  c_w.l(libinit2.o)
    0x08000292   0x08000292   0x00000000   Code   RO         1474    .ARM.Collect$$libinit$$00000025  c_w.l(libinit2.o)
    0x08000292   0x08000292   0x00000000   Code   RO         1478    .ARM.Collect$$libinit$$0000002C  c_w.l(libinit2.o)
    0x08000292   0x08000292   0x00000000   Code   RO         1480    .ARM.Collect$$libinit$$0000002E  c_w.l(libinit2.o)
    0x08000292   0x08000292   0x00000000   Code   RO         1482    .ARM.Collect$$libinit$$00000030  c_w.l(libinit2.o)
    0x08000292   0x08000292   0x00000000   Code   RO         1484    .ARM.Collect$$libinit$$00000032  c_w.l(libinit2.o)
    0x08000292   0x08000292   0x00000002   Code   RO         1485    .ARM.Collect$$libinit$$00000033  c_w.l(libinit2.o)
    0x08000294   0x08000294   0x00000002   Code   RO         1515    .ARM.Collect$$libshutdown$$00000000  c_w.l(libshutdown.o)
    0x08000296   0x08000296   0x00000000   Code   RO         1529    .ARM.Collect$$libshutdown$$00000002  c_w.l(libshutdown2.o)
    0x08000296   0x08000296   0x00000000   Code   RO         1531    .ARM.Collect$$libshutdown$$00000004  c_w.l(libshutdown2.o)
    0x08000296   0x08000296   0x00000000   Code   RO         1534    .ARM.Collect$$libshutdown$$00000007  c_w.l(libshutdown2.o)
    0x08000296   0x08000296   0x00000000   Code   RO         1537    .ARM.Collect$$libshutdown$$0000000A  c_w.l(libshutdown2.o)
    0x08000296   0x08000296   0x00000000   Code   RO         1539    .ARM.Collect$$libshutdown$$0000000C  c_w.l(libshutdown2.o)
    0x08000296   0x08000296   0x00000000   Code   RO         1542    .ARM.Collect$$libshutdown$$0000000F  c_w.l(libshutdown2.o)
    0x08000296   0x08000296   0x00000002   Code   RO         1543    .ARM.Collect$$libshutdown$$00000010  c_w.l(libshutdown2.o)
    0x08000298   0x08000298   0x00000000   Code   RO         1234    .ARM.Collect$$rtentry$$00000000  c_w.l(__rtentry.o)
    0x08000298   0x08000298   0x00000000   Code   RO         1335    .ARM.Collect$$rtentry$$00000002  c_w.l(__rtentry2.o)
    0x08000298   0x08000298   0x00000006   Code   RO         1347    .ARM.Collect$$rtentry$$00000004  c_w.l(__rtentry4.o)
    0x0800029e   0x0800029e   0x00000000   Code   RO         1337    .ARM.Collect$$rtentry$$00000009  c_w.l(__rtentry2.o)
    0x0800029e   0x0800029e   0x00000004   Code   RO         1338    .ARM.Collect$$rtentry$$0000000A  c_w.l(__rtentry2.o)
    0x080002a2   0x080002a2   0x00000000   Code   RO         1340    .ARM.Collect$$rtentry$$0000000C  c_w.l(__rtentry2.o)
    0x080002a2   0x080002a2   0x00000008   Code   RO         1341    .ARM.Collect$$rtentry$$0000000D  c_w.l(__rtentry2.o)
    0x080002aa   0x080002aa   0x00000002   Code   RO         1432    .ARM.Collect$$rtexit$$00000000  c_w.l(rtexit.o)
    0x080002ac   0x080002ac   0x00000000   Code   RO         1489    .ARM.Collect$$rtexit$$00000002  c_w.l(rtexit2.o)
    0x080002ac   0x080002ac   0x00000004   Code   RO         1490    .ARM.Collect$$rtexit$$00000003  c_w.l(rtexit2.o)
    0x080002b0   0x080002b0   0x00000006   Code   RO         1491    .ARM.Collect$$rtexit$$00000004  c_w.l(rtexit2.o)
    0x080002b6   0x080002b6   0x00000002   PAD
    0x080002b8   0x080002b8   0x00000418   Code   RO            1    .text               main.o
    0x080006d0   0x080006d0   0x0000001a   Code   RO          166    .text               stm32f10x_it.o
    0x080006ea   0x080006ea   0x00000002   PAD
    0x080006ec   0x080006ec   0x000001e0   Code   RO          207    .text               system_stm32f10x.o
    0x080008cc   0x080008cc   0x0000004c   Code   RO          225    .text               led.o
    0x08000918   0x08000918   0x000000fc   Code   RO          237    .text               key.o
    0x08000a14   0x08000a14   0x00004a5c   Code   RO          250    .text               lcd.o
    0x08005470   0x08005470   0x00000108   Code   RO          280    .text               spi.o
    0x08005578   0x08005578   0x00000368   Code   RO          295    .text               w25qxx.o
    0x080058e0   0x080058e0   0x00001c30   Code   RO          314    .text               sdio_sdcard.o
    0x08007510   0x08007510   0x0000017a   Code   RO          340    .text               24cxx.o
    0x0800768a   0x0800768a   0x00000002   PAD
    0x0800768c   0x0800768c   0x0000026c   Code   RO          358    .text               myiic.o
    0x080078f8   0x080078f8   0x00000284   Code   RO          370    .text               ctiic.o
    0x08007b7c   0x08007b7c   0x00000338   Code   RO          385    .text               ft5206.o
    0x08007eb4   0x08007eb4   0x00000458   Code   RO          417    .text               gt9147.o
    0x0800830c   0x0800830c   0x0000036c   Code   RO          433    .text               ott2001a.o
    0x08008678   0x08008678   0x00000fb4   Code   RO          449    .text               touch.o
    0x0800962c   0x0800962c   0x000001b0   Code   RO          473    .text               timer.o
    0x080097dc   0x080097dc   0x000001a8   Code   RO          494    .text               usart3.o
    0x08009984   0x08009984   0x00000168   Code   RO          590    .text               usart2.o
    0x08009aec   0x08009aec   0x000000bc   Code   RO          610    .text               hc_sr04.o
    0x08009ba8   0x08009ba8   0x000000d4   Code   RO          628    .text               delay.o
    0x08009c7c   0x08009c7c   0x0000000c   Code   RO          643    .text               sys.o
    0x08009c88   0x08009c88   0x0000014c   Code   RO          659    .text               usart.o
    0x08009dd4   0x08009dd4   0x00000040   Code   RO          695    .text               startup_stm32f10x_hd.o
    0x08009e14   0x08009e14   0x000000dc   Code   RO          699    .text               misc.o
    0x08009ef0   0x08009ef0   0x0000060c   Code   RO          711    .text               stm32f10x_fsmc.o
    0x0800a4fc   0x0800a4fc   0x0000035c   Code   RO          723    .text               stm32f10x_gpio.o
    0x0800a858   0x0800a858   0x000003a4   Code   RO          735    .text               stm32f10x_rcc.o
    0x0800abfc   0x0800abfc   0x0000030c   Code   RO          749    .text               stm32f10x_spi.o
    0x0800af08   0x0800af08   0x00000408   Code   RO          761    .text               stm32f10x_usart.o
    0x0800b310   0x0800b310   0x00000e1a   Code   RO          773    .text               stm32f10x_tim.o
    0x0800c12a   0x0800c12a   0x00000002   PAD
    0x0800c12c   0x0800c12c   0x000001d4   Code   RO          785    .text               stm32f10x_sdio.o
    0x0800c300   0x0800c300   0x00000254   Code   RO          797    .text               stm32f10x_dma.o
    0x0800c554   0x0800c554   0x0000022c   Code   RO          809    .text               malloc.o
    0x0800c780   0x0800c780   0x000000cc   Code   RO          928    .text               mycc936.o
    0x0800c84c   0x0800c84c   0x00000c38   Code   RO          945    .text               usmart.o
    0x0800d484   0x0800d484   0x00000528   Code   RO          977    .text               usmart_str.o
    0x0800d9ac   0x0800d9ac   0x000002d4   Code   RO         1013    .text               text.o
    0x0800dc80   0x0800dc80   0x00001c70   Code   RO         1025    .text               sim900a.o
    0x0800f8f0   0x0800f8f0   0x00000002   Code   RO         1055    .text               c_w.l(use_no_semi_2.o)
    0x0800f8f2   0x0800f8f2   0x00000002   PAD
    0x0800f8f4   0x0800f8f4   0x00000024   Code   RO         1059    .text               c_w.l(c89vsprintf.o)
    0x0800f918   0x0800f918   0x00000018   Code   RO         1061    .text               c_w.l(__2printf.o)
    0x0800f930   0x0800f930   0x0000002c   Code   RO         1063    .text               c_w.l(__2sprintf.o)
    0x0800f95c   0x0800f95c   0x0000004e   Code   RO         1071    .text               c_w.l(_printf_pad.o)
    0x0800f9aa   0x0800f9aa   0x00000052   Code   RO         1073    .text               c_w.l(_printf_str.o)
    0x0800f9fc   0x0800f9fc   0x00000078   Code   RO         1075    .text               c_w.l(_printf_dec.o)
    0x0800fa74   0x0800fa74   0x00000094   Code   RO         1095    .text               c_w.l(_printf_hex_int_ll_ptr.o)
    0x0800fb08   0x0800fb08   0x00000188   Code   RO         1115    .text               c_w.l(__printf_flags_ss_wp.o)
    0x0800fc90   0x0800fc90   0x00000024   Code   RO         1124    .text               c_w.l(strstr.o)
    0x0800fcb4   0x0800fcb4   0x00000048   Code   RO         1128    .text               c_w.l(strcpy.o)
    0x0800fcfc   0x0800fcfc   0x0000003e   Code   RO         1130    .text               c_w.l(strlen.o)
    0x0800fd3a   0x0800fd3a   0x0000008a   Code   RO         1134    .text               c_w.l(rt_memcpy_v6.o)
    0x0800fdc4   0x0800fdc4   0x00000080   Code   RO         1138    .text               c_w.l(strcmpv7m.o)
    0x0800fe44   0x0800fe44   0x00000006   Code   RO         1140    .text               c_w.l(heapauxi.o)
    0x0800fe4a   0x0800fe4a   0x00000002   Code   RO         1232    .text               c_w.l(use_no_semi.o)
    0x0800fe4c   0x0800fe4c   0x00000016   Code   RO         1237    .text               c_w.l(_rserrno.o)
    0x0800fe62   0x0800fe62   0x00000024   Code   RO         1239    .text               c_w.l(_printf_truncate.o)
    0x0800fe86   0x0800fe86   0x000000b2   Code   RO         1241    .text               c_w.l(_printf_intcommon.o)
    0x0800ff38   0x0800ff38   0x00000028   Code   RO         1243    .text               c_w.l(_printf_charcount.o)
    0x0800ff60   0x0800ff60   0x00000030   Code   RO         1245    .text               c_w.l(_printf_char_common.o)
    0x0800ff90   0x0800ff90   0x0000000a   Code   RO         1247    .text               c_w.l(_sputc.o)
    0x0800ff9a   0x0800ff9a   0x0000002c   Code   RO         1249    .text               c_w.l(_printf_char.o)
    0x0800ffc6   0x0800ffc6   0x00000002   PAD
    0x0800ffc8   0x0800ffc8   0x00000024   Code   RO         1251    .text               c_w.l(_printf_char_file.o)
    0x0800ffec   0x0800ffec   0x000000bc   Code   RO         1253    .text               c_w.l(_printf_wctomb.o)
    0x080100a8   0x080100a8   0x0000007c   Code   RO         1256    .text               c_w.l(_printf_longlong_dec.o)
    0x08010124   0x08010124   0x00000070   Code   RO         1262    .text               c_w.l(_printf_oct_int_ll.o)
    0x08010194   0x08010194   0x00000064   Code   RO         1282    .text               c_w.l(rt_memcpy_w.o)
    0x080101f8   0x080101f8   0x00000008   Code   RO         1356    .text               c_w.l(rt_errno_addr_intlibspace.o)
    0x08010200   0x08010200   0x0000008a   Code   RO         1358    .text               c_w.l(lludiv10.o)
    0x0801028a   0x0801028a   0x0000041e   Code   RO         1360    .text               c_w.l(_printf_fp_dec.o)
    0x080106a8   0x080106a8   0x0000002c   Code   RO         1364    .text               c_w.l(_printf_wchar.o)
    0x080106d4   0x080106d4   0x00000008   Code   RO         1366    .text               c_w.l(ferror.o)
    0x080106dc   0x080106dc   0x00000040   Code   RO         1370    .text               c_w.l(_wcrtomb.o)
    0x0801071c   0x0801071c   0x00000008   Code   RO         1376    .text               c_w.l(libspace.o)
    0x08010724   0x08010724   0x0000004a   Code   RO         1379    .text               c_w.l(sys_stackheap_outer.o)
    0x0801076e   0x0801076e   0x00000002   PAD
    0x08010770   0x08010770   0x00000010   Code   RO         1381    .text               c_w.l(rt_ctype_table.o)
    0x08010780   0x08010780   0x00000008   Code   RO         1388    .text               c_w.l(rt_locale_intlibspace.o)
    0x08010788   0x08010788   0x00000080   Code   RO         1390    .text               c_w.l(_printf_fp_infnan.o)
    0x08010808   0x08010808   0x000000e4   Code   RO         1392    .text               c_w.l(bigflt0.o)
    0x080108ec   0x080108ec   0x00000012   Code   RO         1420    .text               c_w.l(exit.o)
    0x080108fe   0x080108fe   0x0000003e   Code   RO         1395    CL$$btod_d2e        c_w.l(btod.o)
    0x0801093c   0x0801093c   0x00000046   Code   RO         1397    CL$$btod_d2e_denorm_low  c_w.l(btod.o)
    0x08010982   0x08010982   0x00000060   Code   RO         1396    CL$$btod_d2e_norm_op1  c_w.l(btod.o)
    0x080109e2   0x080109e2   0x00000338   Code   RO         1405    CL$$btod_div_common  c_w.l(btod.o)
    0x08010d1a   0x08010d1a   0x000000dc   Code   RO         1402    CL$$btod_e2e        c_w.l(btod.o)
    0x08010df6   0x08010df6   0x0000002a   Code   RO         1399    CL$$btod_ediv       c_w.l(btod.o)
    0x08010e20   0x08010e20   0x0000002a   Code   RO         1398    CL$$btod_emul       c_w.l(btod.o)
    0x08010e4a   0x08010e4a   0x00000244   Code   RO         1404    CL$$btod_mult_common  c_w.l(btod.o)
    0x0801108e   0x0801108e   0x00000028   Code   RO         1329    i.__ARM_fpclassify  m_ws.l(fpclassify.o)
    0x080110b6   0x080110b6   0x0000000e   Code   RO         1108    i._is_digit         c_w.l(__printf_wp.o)
    0x080110c4   0x080110c4   0x0000004c   Code   RO         1225    i.sqrt              m_ws.l(sqrt.o)
    0x08011110   0x08011110   0x0000002c   Code   RO         1418    locale$$code        c_w.l(lc_numeric_c.o)
    0x0801113c   0x0801113c   0x0000002c   Code   RO         1435    locale$$code        c_w.l(lc_ctype_c.o)
    0x08011168   0x08011168   0x00000150   Code   RO         1146    x$fpl$dadd          fz_ws.l(daddsub_clz.o)
    0x080112b8   0x080112b8   0x00000018   Code   RO         1286    x$fpl$dcmpinf       fz_ws.l(dcmpi.o)
    0x080112d0   0x080112d0   0x0000005a   Code   RO         1156    x$fpl$dfixu         fz_ws.l(dfixu.o)
    0x0801132a   0x0801132a   0x0000002e   Code   RO         1161    x$fpl$dflt          fz_ws.l(dflt_clz.o)
    0x08011358   0x08011358   0x00000026   Code   RO         1160    x$fpl$dfltu         fz_ws.l(dflt_clz.o)
    0x0801137e   0x0801137e   0x00000002   PAD
    0x08011380   0x08011380   0x00000078   Code   RO         1166    x$fpl$dleqf         fz_ws.l(dleqf.o)
    0x080113f8   0x080113f8   0x00000154   Code   RO         1168    x$fpl$dmul          fz_ws.l(dmul.o)
    0x0801154c   0x0801154c   0x0000009c   Code   RO         1288    x$fpl$dnaninf       fz_ws.l(dnaninf.o)
    0x080115e8   0x080115e8   0x0000000c   Code   RO         1290    x$fpl$dretinf       fz_ws.l(dretinf.o)
    0x080115f4   0x080115f4   0x0000006c   Code   RO         1170    x$fpl$drleqf        fz_ws.l(drleqf.o)
    0x08011660   0x08011660   0x00000016   Code   RO         1147    x$fpl$drsb          fz_ws.l(daddsub_clz.o)
    0x08011676   0x08011676   0x00000002   PAD
    0x08011678   0x08011678   0x000001cc   Code   RO         1292    x$fpl$dsqrt         fz_ws.l(dsqrt_noumaal.o)
    0x08011844   0x08011844   0x000001d4   Code   RO         1148    x$fpl$dsub          fz_ws.l(daddsub_clz.o)
    0x08011a18   0x08011a18   0x00000056   Code   RO         1172    x$fpl$f2d           fz_ws.l(f2d.o)
    0x08011a6e   0x08011a6e   0x00000002   PAD
    0x08011a70   0x08011a70   0x000000c4   Code   RO         1174    x$fpl$fadd          fz_ws.l(faddsub_clz.o)
    0x08011b34   0x08011b34   0x00000018   Code   RO         1294    x$fpl$fcmpinf       fz_ws.l(fcmpi.o)
    0x08011b4c   0x08011b4c   0x00000184   Code   RO         1181    x$fpl$fdiv          fz_ws.l(fdiv.o)
    0x08011cd0   0x08011cd0   0x00000036   Code   RO         1186    x$fpl$ffix          fz_ws.l(ffix.o)
    0x08011d06   0x08011d06   0x00000002   PAD
    0x08011d08   0x08011d08   0x0000003e   Code   RO         1190    x$fpl$ffixu         fz_ws.l(ffixu.o)
    0x08011d46   0x08011d46   0x00000002   PAD
    0x08011d48   0x08011d48   0x00000030   Code   RO         1195    x$fpl$fflt          fz_ws.l(fflt_clz.o)
    0x08011d78   0x08011d78   0x00000026   Code   RO         1194    x$fpl$ffltu         fz_ws.l(fflt_clz.o)
    0x08011d9e   0x08011d9e   0x00000002   PAD
    0x08011da0   0x08011da0   0x00000068   Code   RO         1200    x$fpl$fleqf         fz_ws.l(fleqf.o)
    0x08011e08   0x08011e08   0x00000102   Code   RO         1202    x$fpl$fmul          fz_ws.l(fmul.o)
    0x08011f0a   0x08011f0a   0x0000008c   Code   RO         1296    x$fpl$fnaninf       fz_ws.l(fnaninf.o)
    0x08011f96   0x08011f96   0x0000000a   Code   RO         1298    x$fpl$fretinf       fz_ws.l(fretinf.o)
    0x08011fa0   0x08011fa0   0x000000ea   Code   RO         1176    x$fpl$fsub          fz_ws.l(faddsub_clz.o)
    0x0801208a   0x0801208a   0x00000004   Code   RO         1300    x$fpl$printf1       fz_ws.l(printf1.o)
    0x0801208e   0x0801208e   0x00000000   Code   RO         1304    x$fpl$usenofp       fz_ws.l(usenofp.o)
    0x0801208e   0x0801208e   0x000017c0   Data   RO          252    .constdata          lcd.o
    0x0801384e   0x0801384e   0x0000000a   Data   RO          386    .constdata          ft5206.o
    0x08013858   0x08013858   0x000000c2   Data   RO          418    .constdata          gt9147.o
    0x0801391a   0x0801391a   0x0000000a   Data   RO          434    .constdata          ott2001a.o
    0x08013924   0x08013924   0x00000004   Data   RO          450    .constdata          touch.o
    0x08013928   0x08013928   0x00000018   Data   RO          813    .constdata          malloc.o
    0x08013940   0x08013940   0x000003c0   Data   RO          929    .constdata          mycc936.o
    0x08013d00   0x08013d00   0x0000000c   Data   RO         1026    .constdata          sim900a.o
    0x08013d0c   0x08013d0c   0x00000028   Data   RO         1096    .constdata          c_w.l(_printf_hex_int_ll_ptr.o)
    0x08013d34   0x08013d34   0x00000011   Data   RO         1116    .constdata          c_w.l(__printf_flags_ss_wp.o)
    0x08013d45   0x08013d45   0x00000003   PAD
    0x08013d48   0x08013d48   0x00000008   Data   RO         1254    .constdata          c_w.l(_printf_wctomb.o)
    0x08013d50   0x08013d50   0x00000094   Data   RO         1393    .constdata          c_w.l(bigflt0.o)
    0x08013de4   0x08013de4   0x00000079   Data   RO          451    .conststring        touch.o
    0x08013e5d   0x08013e5d   0x00000003   PAD
    0x08013e60   0x08013e60   0x00000028   Data   RO          946    .conststring        usmart.o
    0x08013e88   0x08013e88   0x00000084   Data   RO          961    .conststring        usmart_config.o
    0x08013f0c   0x08013f0c   0x000000c9   Data   RO         1027    .conststring        sim900a.o
    0x08013fd5   0x08013fd5   0x00000003   PAD
    0x08013fd8   0x08013fd8   0x00000020   Data   RO         1561    Region$$Table       anon$$obj.o
    0x08013ff8   0x08013ff8   0x0000001c   Data   RO         1417    locale$$data        c_w.l(lc_numeric_c.o)
    0x08014014   0x08014014   0x00000110   Data   RO         1434    locale$$data        c_w.l(lc_ctype_c.o)


    Execution Region RW_IRAM1 (Exec base: 0x20000000, Load base: 0x08014124, Size: 0x0000cd48, Max: 0x00010000, ABSOLUTE, COMPRESSED[0x000000fc])

    Exec Addr    Load Addr    Size         Type   Attr      Idx    E Section Name        Object

    0x20000000   COMPRESSED   0x00000076   Data   RW            3    .data               main.o
    0x20000076   COMPRESSED   0x00000002   PAD
    0x20000078   COMPRESSED   0x00000014   Data   RW          208    .data               system_stm32f10x.o
    0x2000008c   COMPRESSED   0x00000001   Data   RW          238    .data               key.o
    0x2000008d   COMPRESSED   0x00000001   PAD
    0x2000008e   COMPRESSED   0x00000004   Data   RW          253    .data               lcd.o
    0x20000092   COMPRESSED   0x00000002   Data   RW          297    .data               w25qxx.o
    0x20000094   COMPRESSED   0x00000010   Data   RW          316    .data               sdio_sdcard.o
    0x200000a4   COMPRESSED   0x00000001   Data   RW          387    .data               ft5206.o
    0x200000a5   COMPRESSED   0x00000001   Data   RW          419    .data               gt9147.o
    0x200000a6   COMPRESSED   0x00000001   Data   RW          435    .data               ott2001a.o
    0x200000a7   COMPRESSED   0x00000001   PAD
    0x200000a8   COMPRESSED   0x00000036   Data   RW          452    .data               touch.o
    0x200000de   COMPRESSED   0x00000002   Data   RW          496    .data               usart3.o
    0x200000e0   COMPRESSED   0x00000004   Data   RW          592    .data               usart2.o
    0x200000e4   COMPRESSED   0x00000004   Data   RW          611    .data               hc_sr04.o
    0x200000e8   COMPRESSED   0x00000004   Data   RW          629    .data               delay.o
    0x200000ec   COMPRESSED   0x00000006   Data   RW          661    .data               usart.o
    0x200000f2   COMPRESSED   0x00000014   Data   RW          736    .data               stm32f10x_rcc.o
    0x20000106   COMPRESSED   0x00000002   PAD
    0x20000108   COMPRESSED   0x0000001c   Data   RW          814    .data               malloc.o
    0x20000124   COMPRESSED   0x0000001c   Data   RW          947    .data               usmart.o
    0x20000140   COMPRESSED   0x0000010c   Data   RW          962    .data               usmart_config.o
    0x2000024c   COMPRESSED   0x00000089   Data   RW         1028    .data               sim900a.o
    0x200002d5   COMPRESSED   0x00000003   PAD
    0x200002d8        -       0x0000000e   Zero   RW          251    .bss                lcd.o
    0x200002e6        -       0x00001000   Zero   RW          296    .bss                w25qxx.o
    0x200012e6   COMPRESSED   0x00000002   PAD
    0x200012e8        -       0x000002c0   Zero   RW          315    .bss                sdio_sdcard.o
    0x200015a8        -       0x000004b0   Zero   RW          495    .bss                usart3.o
    0x20001a58        -       0x00000190   Zero   RW          591    .bss                usart2.o
    0x20001be8        -       0x000000c8   Zero   RW          660    .bss                usart.o
    0x20001cb0   COMPRESSED   0x00000010   PAD
    0x20001cc0        -       0x0000aa00   Zero   RW          812    .bss                malloc.o
    0x2000c6c0        -       0x00000021   Zero   RW          990    .bss                fontupd.o
    0x2000c6e1   COMPRESSED   0x00000003   PAD
    0x2000c6e4        -       0x00000060   Zero   RW         1377    .bss                c_w.l(libspace.o)
    0x2000c744   COMPRESSED   0x00000004   PAD
    0x2000c748        -       0x00000200   Zero   RW          693    HEAP                startup_stm32f10x_hd.o
    0x2000c948        -       0x00000400   Zero   RW          692    STACK               startup_stm32f10x_hd.o



  Load Region LR$$.ARM.__AT_0x68000000 (Base: 0x68000000, Size: 0x00000000, Max: 0x000f0000, ABSOLUTE)

    Execution Region ER$$.ARM.__AT_0x68000000 (Exec base: 0x68000000, Load base: 0x68000000, Size: 0x000f0000, Max: 0x000f0000, ABSOLUTE, UNINIT)

    Exec Addr    Load Addr    Size         Type   Attr      Idx    E Section Name        Object

    0x68000000        -       0x000f0000   Zero   RW          810    .ARM.__AT_0x68000000  malloc.o



  Load Region LR$$.ARM.__AT_0x680F0000 (Base: 0x680f0000, Size: 0x00000000, Max: 0x0000f000, ABSOLUTE)

    Execution Region ER$$.ARM.__AT_0x680F0000 (Exec base: 0x680f0000, Load base: 0x680f0000, Size: 0x0000f000, Max: 0x0000f000, ABSOLUTE, UNINIT)

    Exec Addr    Load Addr    Size         Type   Attr      Idx    E Section Name        Object

    0x680f0000        -       0x0000f000   Zero   RW          811    .ARM.__AT_0x680F0000  malloc.o


==============================================================================

Image component sizes


      Code (inc. data)   RO Data    RW Data    ZI Data      Debug   Object Name

       378          0          0          0          0       2846   24cxx.o
       644         24          0          0          0       2073   ctiic.o
       212         18          0          4          0       1087   delay.o
         0          0          0          0          0        472   diskio.o
         0          0          0          0          0       2644   ff.o
         0          0          0          0         33       1541   fontupd.o
       824         38         10          1          0       2607   ft5206.o
      1112         74        194          1          0       3134   gt9147.o
       188          8          0          4          0       1027   hc_sr04.o
       252         12          0          1          0        864   key.o
     19036        162       6080          4         14      22358   lcd.o
        76          8          0          0          0        519   led.o
      1048        122          0        118          0     289095   main.o
       556         18         24         28    1088000       4784   malloc.o
       220         22          0          0          0       1841   misc.o
       204         12        960          0          0       1657   mycc936.o
       620         14          0          0          0       1904   myiic.o
       876         56         10          1          0       2775   ott2001a.o
      7216        256          0         16        704      24792   sdio_sdcard.o
      7280       1568        213        137          0      10261   sim900a.o
       264         10          0          0          0       1145   spi.o
        64         26        304          0       1536        808   startup_stm32f10x_hd.o
       596          8          0          0          0       4406   stm32f10x_dma.o
      1548         18          0          0          0       5423   stm32f10x_fsmc.o
       860         38          0          0          0       5777   stm32f10x_gpio.o
        26          0          0          0          0       1202   stm32f10x_it.o
       932         36          0         20          0       8980   stm32f10x_rcc.o
       468         22          0          0          0       7164   stm32f10x_sdio.o
       780         14          0          0          0       6658   stm32f10x_spi.o
      3610         88          0          0          0      22884   stm32f10x_tim.o
      1032         22          0          0          0       8500   stm32f10x_usart.o
        12          0          0          0          0        639   sys.o
       480         38          0         20          0       1803   system_stm32f10x.o
       724         16          0          0          0       3164   text.o
       432         54          0          0          0       1466   timer.o
      4020        222        125         54          0       6937   touch.o
       332         20          0          6        200       3242   usart.o
       360         28          0          4        400       2073   usart2.o
       424         38          0          2       1200       2642   usart3.o
      3128       1288         40         28          0       4438   usmart.o
         0          0        132        268          0       1596   usmart_config.o
      1320         12          0          0          0       5273   usmart_str.o
       872         30          0          2       4096       4541   w25qxx.o

    ----------------------------------------------------------------------
     63032       4440       8130        728    1096204     489042   Object Totals
         0          0         32          0          0          0   (incl. Generated)
         6          0          6          9         21          0   (incl. Padding)

    ----------------------------------------------------------------------

      Code (inc. data)   RO Data    RW Data    ZI Data      Debug   Library Member Name

        24          4          0          0          0         84   __2printf.o
        44          6          0          0          0         84   __2sprintf.o
        90          0          0          0          0          0   __dczerorl2.o
         8          0          0          0          0         68   __main.o
       392          4         17          0          0         92   __printf_flags_ss_wp.o
        14          0          0          0          0         68   __printf_wp.o
         0          0          0          0          0          0   __rtentry.o
        12          0          0          0          0          0   __rtentry2.o
         6          0          0          0          0          0   __rtentry4.o
        52          8          0          0          0          0   __scatter.o
        28          0          0          0          0          0   __scatter_zi.o
         6          0          0          0          0          0   _printf_a.o
         6          0          0          0          0          0   _printf_c.o
        44          0          0          0          0        108   _printf_char.o
        48          6          0          0          0         96   _printf_char_common.o
        36          4          0          0          0         80   _printf_char_file.o
        40          0          0          0          0         68   _printf_charcount.o
         6          0          0          0          0          0   _printf_d.o
       120         16          0          0          0         92   _printf_dec.o
         6          0          0          0          0          0   _printf_e.o
         6          0          0          0          0          0   _printf_f.o
      1054          0          0          0          0        216   _printf_fp_dec.o
       128         16          0          0          0         84   _printf_fp_infnan.o
         6          0          0          0          0          0   _printf_g.o
       148          4         40          0          0        160   _printf_hex_int_ll_ptr.o
         6          0          0          0          0          0   _printf_i.o
       178          0          0          0          0         88   _printf_intcommon.o
        10          0          0          0          0          0   _printf_l.o
         6          0          0          0          0          0   _printf_lc.o
        10          0          0          0          0          0   _printf_ll.o
         6          0          0          0          0          0   _printf_lld.o
         6          0          0          0          0          0   _printf_lli.o
         6          0          0          0          0          0   _printf_llo.o
         6          0          0          0          0          0   _printf_llu.o
         6          0          0          0          0          0   _printf_llx.o
       124         16          0          0          0         92   _printf_longlong_dec.o
         6          0          0          0          0          0   _printf_ls.o
         6          0          0          0          0          0   _printf_n.o
         6          0          0          0          0          0   _printf_o.o
       112         10          0          0          0        124   _printf_oct_int_ll.o
         6          0          0          0          0          0   _printf_p.o
        78          0          0          0          0        108   _printf_pad.o
         0          0          0          0          0          0   _printf_percent.o
         4          0          0          0          0          0   _printf_percent_end.o
         6          0          0          0          0          0   _printf_s.o
        82          0          0          0          0         80   _printf_str.o
        36          0          0          0          0         84   _printf_truncate.o
         6          0          0          0          0          0   _printf_u.o
        44          0          0          0          0        108   _printf_wchar.o
       188          6          8          0          0         92   _printf_wctomb.o
         6          0          0          0          0          0   _printf_x.o
        22          0          0          0          0        100   _rserrno.o
        10          0          0          0          0         68   _sputc.o
        64          0          0          0          0         92   _wcrtomb.o
       228          4        148          0          0         96   bigflt0.o
      1936        128          0          0          0        672   btod.o
        36          4          0          0          0         76   c89vsprintf.o
        18          0          0          0          0         80   exit.o
         8          0          0          0          0         68   ferror.o
         6          0          0          0          0        152   heapauxi.o
        44         10        272          0          0         76   lc_ctype_c.o
        44         10         28          0          0         76   lc_numeric_c.o
         2          0          0          0          0          0   libinit.o
        30          0          0          0          0          0   libinit2.o
         2          0          0          0          0          0   libshutdown.o
         2          0          0          0          0          0   libshutdown2.o
         8          4          0          0         96         68   libspace.o
       138          0          0          0          0         80   lludiv10.o
        16          4          0          0          0         76   rt_ctype_table.o
         8          4          0          0          0         68   rt_errno_addr_intlibspace.o
         8          4          0          0          0         68   rt_locale_intlibspace.o
       138          0          0          0          0         68   rt_memcpy_v6.o
       100          0          0          0          0         80   rt_memcpy_w.o
         2          0          0          0          0          0   rtexit.o
        10          0          0          0          0          0   rtexit2.o
       128          0          0          0          0         68   strcmpv7m.o
        72          0          0          0          0         80   strcpy.o
        62          0          0          0          0         76   strlen.o
        36          0          0          0          0         80   strstr.o
        74          0          0          0          0         80   sys_stackheap_outer.o
         2          0          0          0          0         68   use_no_semi.o
         2          0          0          0          0         68   use_no_semi_2.o
       826         16          0          0          0        348   daddsub_clz.o
        24          0          0          0          0         68   dcmpi.o
        90          4          0          0          0         92   dfixu.o
        84          0          0          0          0        136   dflt_clz.o
       120          4          0          0          0         92   dleqf.o
       340         12          0          0          0        104   dmul.o
       156          4          0          0          0         92   dnaninf.o
        12          0          0          0          0         68   dretinf.o
       108          0          0          0          0         80   drleqf.o
       460         56          0          0          0        120   dsqrt_noumaal.o
        86          4          0          0          0         84   f2d.o
       430          8          0          0          0        168   faddsub_clz.o
        24          0          0          0          0         68   fcmpi.o
       388         76          0          0          0         96   fdiv.o
        54          4          0          0          0         84   ffix.o
        62          4          0          0          0         84   ffixu.o
        86          0          0          0          0        136   fflt_clz.o
       104          4          0          0          0         84   fleqf.o
       258          4          0          0          0         84   fmul.o
       140          4          0          0          0         84   fnaninf.o
        10          0          0          0          0         68   fretinf.o
         4          0          0          0          0         68   printf1.o
         0          0          0          0          0          0   usenofp.o
        40          0          0          0          0         68   fpclassify.o
        76          0          0          0          0         84   sqrt.o

    ----------------------------------------------------------------------
     10534        476        516          0        100       7120   Library Totals
        22          0          3          0          4          0   (incl. Padding)

    ----------------------------------------------------------------------

      Code (inc. data)   RO Data    RW Data    ZI Data      Debug   Library Name

      6530        272        513          0         96       4660   c_w.l
      3866        204          0          0          0       2308   fz_ws.l
       116          0          0          0          0        152   m_ws.l

    ----------------------------------------------------------------------
     10534        476        516          0        100       7120   Library Totals

    ----------------------------------------------------------------------

==============================================================================


      Code (inc. data)   RO Data    RW Data    ZI Data      Debug   

     73566       4916       8646        728    1096304     488826   Grand Totals
     73566       4916       8646        252    1096304     488826   ELF Image Totals (compressed)
     73566       4916       8646        252          0          0   ROM Totals

==============================================================================

    Total RO  Size (Code + RO Data)                82212 (  80.29kB)
    Total RW  Size (RW Data + ZI Data)           1097032 (1071.32kB)
    Total ROM Size (Code + RO Data + RW Data)      82464 (  80.53kB)

==============================================================================

